[?2026h[?25l[1Gpulling manifest ⠋ [K[?25h[?2026l[?2026h[?25l[1Gpulling manifest ⠙ [K[?25h[?2026l[?2026h[?25l[1Gpulling manifest ⠹ [K[?25h[?2026l[?2026h[?25l[1Gpulling manifest ⠸ [K[?25h[?2026l[?2026h[?25l[1Gpulling manifest ⠼ [K[?25h[?2026l[?2026h[?25l[1Gpulling manifest ⠦ [K[?25h[?2026l[?2026h[?25l[1Gpulling manifest ⠦ [K[?25h[?2026l[?2026h[?25l[1Gpulling manifest ⠧ [K[?25h[?2026l[?2026h[?25l[1Gpulling manifest ⠇ [K[?25h[?2026l[?2026h[?25l[1Gpulling manifest ⠏ [K[?25h[?2026l[?2026h[?25l[1Gpulling manifest ⠋ [K[?25h[?2026l[?2026h[?25l[1Gpulling manifest [K
pulling 1194192cf2a1:   0% ▕                  ▏ 8.5 MB/ 18 GB                  [K[?25h[?2026l[?2026h[?25l[A[1Gpulling manifest [K
pulling 1194192cf2a1:   0% ▕                  ▏  35 MB/ 18 GB                  [K[?25h[?2026l[?2026h[?25l[A[1Gpulling manifest [K
pulling 1194192cf2a1:   1% ▕                  ▏ 121 MB/ 18 GB                  [K[?25h[?2026l[?2026h[?25l[A[1Gpulling manifest [K
pulling 1194192cf2a1:   1% ▕                  ▏ 206 MB/ 18 GB                  [K[?25h[?2026l[?2026h[?25l[A[1Gpulling manifest [K
pulling 1194192cf2a1:   2% ▕                  ▏ 326 MB/ 18 GB                  [K[?25h[?2026l[?2026h[?25l[A[1Gpulling manifest [K
pulling 1194192cf2a1:   2% ▕                  ▏ 432 MB/ 18 GB                  [K[?25h[?2026l[?2026h[?25l[A[1Gpulling manifest [K
pulling 1194192cf2a1:   3% ▕                  ▏ 471 MB/ 18 GB                  [K[?25h[?2026l[?2026h[?25l[A[1Gpulling manifest [K
pulling 1194192cf2a1:   3% ▕                  ▏ 559 MB/ 18 GB                  [K[?25h[?2026l[?2026h[?25l[A[1Gpulling manifest [K
pulling 1194192cf2a1:   4% ▕                  ▏ 666 MB/ 18 GB                  [K[?25h[?2026l[?2026h[?25l[A[1Gpulling manifest [K
pulling 1194192cf2a1:   4% ▕                  ▏ 718 MB/ 18 GB                  [K[?25h[?2026l[?2026h[?25l[A[1Gpulling manifest [K
pulling 1194192cf2a1:   4% ▕                  ▏ 817 MB/ 18 GB  808 MB/s     21s[K[?25h[?2026l[?2026h[?25l[A[1Gpulling manifest [K
pulling 1194192cf2a1:   5% ▕                  ▏ 908 MB/ 18 GB  808 MB/s     21s[K[?25h[?2026l[?2026h[?25l[A[1Gpulling manifest [K
pulling 1194192cf2a1:   5% ▕                  ▏ 948 MB/ 18 GB  808 MB/s     21s[K[?25h[?2026l[?2026h[?25l[A[1Gpulling manifest [K
pulling 1194192cf2a1:   6% ▕█                 ▏ 1.0 GB/ 18 GB  808 MB/s     21s[K[?25h[?2026l[?2026h[?25l[A[1Gpulling manifest [K
pulling 1194192cf2a1:   6% ▕█                 ▏ 1.2 GB/ 18 GB  808 MB/s     21s[K[?25h[?2026l[?2026h[?25l[A[1Gpulling manifest [K
pulling 1194192cf2a1:   6% ▕█                 ▏ 1.2 GB/ 18 GB  808 MB/s     21s[K[?25h[?2026l[?2026h[?25l[A[1Gpulling manifest [K
pulling 1194192cf2a1:   7% ▕█                 ▏ 1.3 GB/ 18 GB  808 MB/s     21s[K[?25h[?2026l[?2026h[?25l[A[1Gpulling manifest [K
pulling 1194192cf2a1:   8% ▕█                 ▏ 1.4 GB/ 18 GB  808 MB/s     21s[K[?25h[?2026l[?2026h[?25l[A[1Gpulling manifest [K
pulling 1194192cf2a1:   8% ▕█                 ▏ 1.5 GB/ 18 GB  808 MB/s     21s[K[?25h[?2026l[?2026h[?25l[A[1Gpulling manifest [K
pulling 1194192cf2a1:   8% ▕█                 ▏ 1.6 GB/ 18 GB  808 MB/s     21s[K[?25h[?2026l[?2026h[?25l[A[1Gpulling manifest [K
pulling 1194192cf2a1:   9% ▕█                 ▏ 1.7 GB/ 18 GB  828 MB/s     20s[K[?25h[?2026l[?2026h[?25l[A[1Gpulling manifest [K
pulling 1194192cf2a1:   9% ▕█                 ▏ 1.7 GB/ 18 GB  828 MB/s     20s[K[?25h[?2026l[?2026h[?25l[A[1Gpulling manifest [K
pulling 1194192cf2a1:  10% ▕█                 ▏ 1.8 GB/ 18 GB  828 MB/s     20s[K[?25h[?2026l[?2026h[?25l[A[1Gpulling manifest [K
pulling 1194192cf2a1:  10% ▕█                 ▏ 1.9 GB/ 18 GB  828 MB/s     20s[K[?25h[?2026l[?2026h[?25l[A[1Gpulling manifest [K
pulling 1194192cf2a1:  11% ▕█                 ▏ 2.0 GB/ 18 GB  828 MB/s     20s[K[?25h[?2026l[?2026h[?25l[A[1Gpulling manifest [K
pulling 1194192cf2a1:  11% ▕█                 ▏ 2.0 GB/ 18 GB  828 MB/s     19s[K[?25h[?2026l[?2026h[?25l[A[1Gpulling manifest [K
pulling 1194192cf2a1:  11% ▕██                ▏ 2.1 GB/ 18 GB  828 MB/s     19s[K[?25h[?2026l[?2026h[?25l[A[1Gpulling manifest [K
pulling 1194192cf2a1:  12% ▕██                ▏ 2.2 GB/ 18 GB  828 MB/s     19s[K[?25h[?2026l[?2026h[?25l[A[1Gpulling manifest [K
pulling 1194192cf2a1:  12% ▕██                ▏ 2.3 GB/ 18 GB  828 MB/s     19s[K[?25h[?2026l[?2026h[?25l[A[1Gpulling manifest [K
pulling 1194192cf2a1:  13% ▕██                ▏ 2.4 GB/ 18 GB  828 MB/s     19s[K[?25h[?2026l[?2026h[?25l[A[1Gpulling manifest [K
pulling 1194192cf2a1:  13% ▕██                ▏ 2.4 GB/ 18 GB  828 MB/s     19s[K[?25h[?2026l[?2026h[?25l[A[1Gpulling manifest [K
pulling 1194192cf2a1:  14% ▕██                ▏ 2.5 GB/ 18 GB  810 MB/s     19s[K[?25h[?2026l[?2026h[?25l[A[1Gpulling manifest [K
pulling 1194192cf2a1:  14% ▕██                ▏ 2.6 GB/ 18 GB  810 MB/s     19s[K[?25h[?2026l[?2026h[?25l[A[1Gpulling manifest [K
pulling 1194192cf2a1:  14% ▕██                ▏ 2.6 GB/ 18 GB  810 MB/s     19s[K[?25h[?2026l[?2026h[?25l[A[1Gpulling manifest [K
pulling 1194192cf2a1:  15% ▕██                ▏ 2.8 GB/ 18 GB  810 MB/s     19s[K[?25h[?2026l[?2026h[?25l[A[1Gpulling manifest [K
pulling 1194192cf2a1:  15% ▕██                ▏ 2.8 GB/ 18 GB  810 MB/s     19s[K[?25h[?2026l[?2026h[?25l[A[1Gpulling manifest [K
pulling 1194192cf2a1:  16% ▕██                ▏ 2.9 GB/ 18 GB  810 MB/s     19s[K[?25h[?2026l[?2026h[?25l[A[1Gpulling manifest [K
pulling 1194192cf2a1:  16% ▕██                ▏ 3.0 GB/ 18 GB  810 MB/s     19s[K[?25h[?2026l[?2026h[?25l[A[1Gpulling manifest [K
pulling 1194192cf2a1:  17% ▕██                ▏ 3.1 GB/ 18 GB  810 MB/s     19s[K[?25h[?2026l[?2026h[?25l[A[1Gpulling manifest [K
pulling 1194192cf2a1:  17% ▕███               ▏ 3.1 GB/ 18 GB  810 MB/s     19s[K[?25h[?2026l[?2026h[?25l[A[1Gpulling manifest [K
pulling 1194192cf2a1:  18% ▕███               ▏ 3.3 GB/ 18 GB  810 MB/s     18s[K[?25h[?2026l[?2026h[?25l[A[1Gpulling manifest [K
pulling 1194192cf2a1:  18% ▕███               ▏ 3.4 GB/ 18 GB  822 MB/s     18s[K[?25h[?2026l[?2026h[?25l[A[1Gpulling manifest [K
pulling 1194192cf2a1:  18% ▕███               ▏ 3.4 GB/ 18 GB  822 MB/s     18s[K[?25h[?2026l[?2026h[?25l[A[1Gpulling manifest [K
pulling 1194192cf2a1:  19% ▕███               ▏ 3.5 GB/ 18 GB  822 MB/s     18s[K[?25h[?2026l[?2026h[?25l[A[1Gpulling manifest [K
pulling 1194192cf2a1:  20% ▕███               ▏ 3.6 GB/ 18 GB  822 MB/s     18s[K[?25h[?2026l[?2026h[?25l[A[1Gpulling manifest [K
pulling 1194192cf2a1:  20% ▕███               ▏ 3.7 GB/ 18 GB  822 MB/s     18s[K[?25h[?2026l[?2026h[?25l[A[1Gpulling manifest [K
pulling 1194192cf2a1:  21% ▕███               ▏ 3.8 GB/ 18 GB  822 MB/s     17s[K[?25h[?2026l[?2026h[?25l[A[1Gpulling manifest [K
pulling 1194192cf2a1:  21% ▕███               ▏ 4.0 GB/ 18 GB  822 MB/s     17s[K[?25h[?2026l[?2026h[?25l[A[1Gpulling manifest [K
pulling 1194192cf2a1:  22% ▕███               ▏ 4.1 GB/ 18 GB  822 MB/s     17s[K[?25h[?2026l[?2026h[?25l[A[1Gpulling manifest [K
pulling 1194192cf2a1:  23% ▕████              ▏ 4.2 GB/ 18 GB  822 MB/s     17s[K[?25h[?2026l[?2026h[?25l[A[1Gpulling manifest [K
pulling 1194192cf2a1:  23% ▕████              ▏ 4.3 GB/ 18 GB  822 MB/s     17s[K[?25h[?2026l[?2026h[?25l[A[1Gpulling manifest [K
pulling 1194192cf2a1:  24% ▕████              ▏ 4.4 GB/ 18 GB  879 MB/s     16s[K[?25h[?2026l[?2026h[?25l[A[1Gpulling manifest [K
pulling 1194192cf2a1:  24% ▕████              ▏ 4.5 GB/ 18 GB  879 MB/s     15s[K[?25h[?2026l[?2026h[?25l[A[1Gpulling manifest [K
pulling 1194192cf2a1:  25% ▕████              ▏ 4.7 GB/ 18 GB  879 MB/s     15s[K[?25h[?2026l[?2026h[?25l[A[1Gpulling manifest [K
pulling 1194192cf2a1:  26% ▕████              ▏ 4.7 GB/ 18 GB  879 MB/s     15s[K[?25h[?2026l[?2026h[?25l[A[1Gpulling manifest [K
pulling 1194192cf2a1:  26% ▕████              ▏ 4.9 GB/ 18 GB  879 MB/s     15s[K[?25h[?2026l[?2026h[?25l[A[1Gpulling manifest [K
pulling 1194192cf2a1:  27% ▕████              ▏ 5.0 GB/ 18 GB  879 MB/s     15s[K[?25h[?2026l[?2026h[?25l[A[1Gpulling manifest [K
pulling 1194192cf2a1:  28% ▕████              ▏ 5.1 GB/ 18 GB  879 MB/s     15s[K[?25h[?2026l[?2026h[?25l[A[1Gpulling manifest [K
pulling 1194192cf2a1:  28% ▕█████             ▏ 5.2 GB/ 18 GB  879 MB/s     15s[K[?25h[?2026l[?2026h[?25l[A[1Gpulling manifest [K
pulling 1194192cf2a1:  29% ▕█████             ▏ 5.4 GB/ 18 GB  879 MB/s     15s[K[?25h[?2026l[?2026h[?25l[A[1Gpulling manifest [K
pulling 1194192cf2a1:  29% ▕█████             ▏ 5.4 GB/ 18 GB  879 MB/s     14s[K[?25h[?2026l[?2026h[?25l[A[1Gpulling manifest [K
pulling 1194192cf2a1:  30% ▕█████             ▏ 5.5 GB/ 18 GB  920 MB/s     14s[K[?25h[?2026l[?2026h[?25l[A[1Gpulling manifest [K
pulling 1194192cf2a1:  30% ▕█████             ▏ 5.6 GB/ 18 GB  920 MB/s     14s[K[?25h[?2026l[?2026h[?25l[A[1Gpulling manifest [K
pulling 1194192cf2a1:  31% ▕█████             ▏ 5.7 GB/ 18 GB  920 MB/s     13s[K[?25h[?2026l[?2026h[?25l[A[1Gpulling manifest [K
pulling 1194192cf2a1:  31% ▕█████             ▏ 5.8 GB/ 18 GB  920 MB/s     13s[K[?25h[?2026l[?2026h[?25l[A[1Gpulling manifest [K
pulling 1194192cf2a1:  32% ▕█████             ▏ 5.9 GB/ 18 GB  920 MB/s     13s[K[?25h[?2026l[?2026h[?25l[A[1Gpulling manifest [K
pulling 1194192cf2a1:  32% ▕█████             ▏ 6.0 GB/ 18 GB  920 MB/s     13s[K[?25h[?2026l[?2026h[?25l[A[1Gpulling manifest [K
pulling 1194192cf2a1:  33% ▕█████             ▏ 6.1 GB/ 18 GB  920 MB/s     13s[K[?25h[?2026l[?2026h[?25l[A[1Gpulling manifest [K
pulling 1194192cf2a1:  34% ▕██████            ▏ 6.2 GB/ 18 GB  920 MB/s     13s[K[?25h[?2026l[?2026h[?25l[A[1Gpulling manifest [K
pulling 1194192cf2a1:  34% ▕██████            ▏ 6.3 GB/ 18 GB  920 MB/s     13s[K[?25h[?2026l[?2026h[?25l[A[1Gpulling manifest [K
pulling 1194192cf2a1:  35% ▕██████            ▏ 6.4 GB/ 18 GB  920 MB/s     13s[K[?25h[?2026l[?2026h[?25l[A[1Gpulling manifest [K
pulling 1194192cf2a1:  35% ▕██████            ▏ 6.6 GB/ 18 GB  934 MB/s     12s[K[?25h[?2026l[?2026h[?25l[A[1Gpulling manifest [K
pulling 1194192cf2a1:  36% ▕██████            ▏ 6.6 GB/ 18 GB  934 MB/s     12s[K[?25h[?2026l[?2026h[?25l[A[1Gpulling manifest [K
pulling 1194192cf2a1:  36% ▕██████            ▏ 6.7 GB/ 18 GB  934 MB/s     12s[K[?25h[?2026l[?2026h[?25l[A[1Gpulling manifest [K
pulling 1194192cf2a1:  37% ▕██████            ▏ 6.9 GB/ 18 GB  934 MB/s     12s[K[?25h[?2026l[?2026h[?25l[A[1Gpulling manifest [K
pulling 1194192cf2a1:  37% ▕██████            ▏ 6.9 GB/ 18 GB  934 MB/s     12s[K[?25h[?2026l[?2026h[?25l[A[1Gpulling manifest [K
pulling 1194192cf2a1:  38% ▕██████            ▏ 7.0 GB/ 18 GB  934 MB/s     12s[K[?25h[?2026l[?2026h[?25l[A[1Gpulling manifest [K
pulling 1194192cf2a1:  39% ▕██████            ▏ 7.2 GB/ 18 GB  934 MB/s     12s[K[?25h[?2026l[?2026h[?25l[A[1Gpulling manifest [K
pulling 1194192cf2a1:  39% ▕██████            ▏ 7.2 GB/ 18 GB  934 MB/s     12s[K[?25h[?2026l[?2026h[?25l[A[1Gpulling manifest [K
pulling 1194192cf2a1:  40% ▕███████           ▏ 7.3 GB/ 18 GB  934 MB/s     11s[K[?25h[?2026l[?2026h[?25l[A[1Gpulling manifest [K
pulling 1194192cf2a1:  40% ▕███████           ▏ 7.5 GB/ 18 GB  934 MB/s     11s[K[?25h[?2026l[?2026h[?25l[A[1Gpulling manifest [K
pulling 1194192cf2a1:  41% ▕███████           ▏ 7.5 GB/ 18 GB  934 MB/s     11s[K[?25h[?2026l[?2026h[?25l[A[1Gpulling manifest [K
pulling 1194192cf2a1:  41% ▕███████           ▏ 7.6 GB/ 18 GB  947 MB/s     11s[K[?25h[?2026l[?2026h[?25l[A[1Gpulling manifest [K
pulling 1194192cf2a1:  42% ▕███████           ▏ 7.7 GB/ 18 GB  947 MB/s     11s[K[?25h[?2026l[?2026h[?25l[A[1Gpulling manifest [K
pulling 1194192cf2a1:  42% ▕███████           ▏ 7.8 GB/ 18 GB  947 MB/s     11s[K[?25h[?2026l[?2026h[?25l[A[1Gpulling manifest [K
pulling 1194192cf2a1:  43% ▕███████           ▏ 7.9 GB/ 18 GB  947 MB/s     11s[K[?25h[?2026l[?2026h[?25l[A[1Gpulling manifest [K
pulling 1194192cf2a1:  43% ▕███████           ▏ 8.0 GB/ 18 GB  947 MB/s     11s[K[?25h[?2026l[?2026h[?25l[A[1Gpulling manifest [K
pulling 1194192cf2a1:  44% ▕███████           ▏ 8.1 GB/ 18 GB  947 MB/s     11s[K[?25h[?2026l[?2026h[?25l[A[1Gpulling manifest [K
pulling 1194192cf2a1:  44% ▕███████           ▏ 8.2 GB/ 18 GB  947 MB/s     10s[K[?25h[?2026l[?2026h[?25l[A[1Gpulling manifest [K
pulling 1194192cf2a1:  45% ▕████████          ▏ 8.4 GB/ 18 GB  947 MB/s     10s[K[?25h[?2026l[?2026h[?25l[A[1Gpulling manifest [K
pulling 1194192cf2a1:  45% ▕████████          ▏ 8.4 GB/ 18 GB  947 MB/s     10s[K[?25h[?2026l[?2026h[?25l[A[1Gpulling manifest [K
pulling 1194192cf2a1:  46% ▕████████          ▏ 8.5 GB/ 18 GB  947 MB/s     10s[K[?25h[?2026l[?2026h[?25l[A[1Gpulling manifest [K
pulling 1194192cf2a1:  47% ▕████████          ▏ 8.6 GB/ 18 GB  955 MB/s     10s[K[?25h[?2026l[?2026h[?25l[A[1Gpulling manifest [K
pulling 1194192cf2a1:  47% ▕████████          ▏ 8.7 GB/ 18 GB  955 MB/s     10s[K[?25h[?2026l[?2026h[?25l[A[1Gpulling manifest [K
pulling 1194192cf2a1:  48% ▕████████          ▏ 8.8 GB/ 18 GB  955 MB/s     10s[K[?25h[?2026l[?2026h[?25l[A[1Gpulling manifest [K
pulling 1194192cf2a1:  48% ▕████████          ▏ 9.0 GB/ 18 GB  955 MB/s     10s[K[?25h[?2026l[?2026h[?25l[A[1Gpulling manifest [K
pulling 1194192cf2a1:  49% ▕████████          ▏ 9.0 GB/ 18 GB  955 MB/s      9s[K[?25h[?2026l[?2026h[?25l[A[1Gpulling manifest [K
pulling 1194192cf2a1:  49% ▕████████          ▏ 9.1 GB/ 18 GB  955 MB/s      9s[K[?25h[?2026l[?2026h[?25l[A[1Gpulling manifest [K
pulling 1194192cf2a1:  50% ▕████████          ▏ 9.3 GB/ 18 GB  955 MB/s      9s[K[?25h[?2026l[?2026h[?25l[A[1Gpulling manifest [K
pulling 1194192cf2a1:  50% ▕█████████         ▏ 9.3 GB/ 18 GB  955 MB/s      9s[K[?25h[?2026l[?2026h[?25l[A[1Gpulling manifest [K
pulling 1194192cf2a1:  51% ▕█████████         ▏ 9.5 GB/ 18 GB  955 MB/s      9s[K[?25h[?2026l[?2026h[?25l[A[1Gpulling manifest [K
pulling 1194192cf2a1:  52% ▕█████████         ▏ 9.6 GB/ 18 GB  955 MB/s      9s[K[?25h[?2026l[?2026h[?25l[A[1Gpulling manifest [K
pulling 1194192cf2a1:  52% ▕█████████         ▏ 9.6 GB/ 18 GB  980 MB/s      9s[K[?25h[?2026l[?2026h[?25l[A[1Gpulling manifest [K
pulling 1194192cf2a1:  53% ▕█████████         ▏ 9.8 GB/ 18 GB  980 MB/s      8s[K[?25h[?2026l[?2026h[?25l[A[1Gpulling manifest [K
pulling 1194192cf2a1:  53% ▕█████████         ▏ 9.9 GB/ 18 GB  980 MB/s      8s[K[?25h[?2026l[?2026h[?25l[A[1Gpulling manifest [K
pulling 1194192cf2a1:  54% ▕█████████        ▏ 10.0 GB/ 18 GB  980 MB/s      8s[K[?25h[?2026l[?2026h[?25l[A[1Gpulling manifest [K
pulling 1194192cf2a1:  54% ▕█████████         ▏  10 GB/ 18 GB  980 MB/s      8s[K[?25h[?2026l[?2026h[?25l[A[1Gpulling manifest [K
pulling 1194192cf2a1:  55% ▕█████████         ▏  10 GB/ 18 GB  980 MB/s      8s[K[?25h[?2026l[?2026h[?25l[A[1Gpulling manifest [K
pulling 1194192cf2a1:  55% ▕█████████         ▏  10 GB/ 18 GB  980 MB/s      8s[K[?25h[?2026l[?2026h[?25l[A[1Gpulling manifest [K
pulling 1194192cf2a1:  56% ▕██████████        ▏  10 GB/ 18 GB  980 MB/s      8s[K[?25h[?2026l[?2026h[?25l[A[1Gpulling manifest [K
pulling 1194192cf2a1:  57% ▕██████████        ▏  10 GB/ 18 GB  980 MB/s      8s[K[?25h[?2026l[?2026h[?25l[A[1Gpulling manifest [K
pulling 1194192cf2a1:  57% ▕██████████        ▏  10 GB/ 18 GB  980 MB/s      8s[K[?25h[?2026l[?2026h[?25l[A[1Gpulling manifest [K
pulling 1194192cf2a1:  57% ▕██████████        ▏  10 GB/ 18 GB  999 MB/s      7s[K[?25h[?2026l[?2026h[?25l[A[1Gpulling manifest [K
pulling 1194192cf2a1:  58% ▕██████████        ▏  10 GB/ 18 GB  999 MB/s      7s[K[?25h[?2026l[?2026h[?25l[A[1Gpulling manifest [K
pulling 1194192cf2a1:  58% ▕██████████        ▏  10 GB/ 18 GB  999 MB/s      7s[K[?25h[?2026l[?2026h[?25l[A[1Gpulling manifest [K
pulling 1194192cf2a1:  59% ▕██████████        ▏  10 GB/ 18 GB  999 MB/s      7s[K[?25h[?2026l[?2026h[?25l[A[1Gpulling manifest [K
pulling 1194192cf2a1:  60% ▕██████████        ▏  11 GB/ 18 GB  999 MB/s      7s[K[?25h[?2026l[?2026h[?25l[A[1Gpulling manifest [K
pulling 1194192cf2a1:  60% ▕██████████        ▏  11 GB/ 18 GB  999 MB/s      7s[K[?25h[?2026l[?2026h[?25l[A[1Gpulling manifest [K
pulling 1194192cf2a1:  61% ▕██████████        ▏  11 GB/ 18 GB  999 MB/s      7s[K[?25h[?2026l[?2026h[?25l[A[1Gpulling manifest [K
pulling 1194192cf2a1:  61% ▕███████████       ▏  11 GB/ 18 GB  999 MB/s      7s[K[?25h[?2026l[?2026h[?25l[A[1Gpulling manifest [K
pulling 1194192cf2a1:  61% ▕███████████       ▏  11 GB/ 18 GB  999 MB/s      7s[K[?25h[?2026l[?2026h[?25l[A[1Gpulling manifest [K
pulling 1194192cf2a1:  62% ▕███████████       ▏  11 GB/ 18 GB  999 MB/s      7s[K[?25h[?2026l[?2026h[?25l[A[1Gpulling manifest [K
pulling 1194192cf2a1:  63% ▕███████████       ▏  11 GB/ 18 GB  1.0 GB/s      6s[K[?25h[?2026l[?2026h[?25l[A[1Gpulling manifest [K
pulling 1194192cf2a1:  63% ▕███████████       ▏  11 GB/ 18 GB  1.0 GB/s      6s[K[?25h[?2026l[?2026h[?25l[A[1Gpulling manifest [K
pulling 1194192cf2a1:  64% ▕███████████       ▏  11 GB/ 18 GB  1.0 GB/s      6s[K[?25h[?2026l[?2026h[?25l[A[1Gpulling manifest [K
pulling 1194192cf2a1:  64% ▕███████████       ▏  11 GB/ 18 GB  1.0 GB/s      6s[K[?25h[?2026l[?2026h[?25l[A[1Gpulling manifest [K
pulling 1194192cf2a1:  64% ▕███████████       ▏  11 GB/ 18 GB  1.0 GB/s      6s[K[?25h[?2026l[?2026h[?25l[A[1Gpulling manifest [K
pulling 1194192cf2a1:  65% ▕███████████       ▏  12 GB/ 18 GB  1.0 GB/s      6s[K[?25h[?2026l[?2026h[?25l[A[1Gpulling manifest [K
pulling 1194192cf2a1:  65% ▕███████████       ▏  12 GB/ 18 GB  1.0 GB/s      6s[K[?25h[?2026l[?2026h[?25l[A[1Gpulling manifest [K
pulling 1194192cf2a1:  66% ▕███████████       ▏  12 GB/ 18 GB  1.0 GB/s      6s[K[?25h[?2026l[?2026h[?25l[A[1Gpulling manifest [K
pulling 1194192cf2a1:  66% ▕███████████       ▏  12 GB/ 18 GB  1.0 GB/s      6s[K[?25h[?2026l[?2026h[?25l[A[1Gpulling manifest [K
pulling 1194192cf2a1:  67% ▕████████████      ▏  12 GB/ 18 GB  1.0 GB/s      6s[K[?25h[?2026l[?2026h[?25l[A[1Gpulling manifest [K
pulling 1194192cf2a1:  67% ▕████████████      ▏  12 GB/ 18 GB  1.0 GB/s      5s[K[?25h[?2026l[?2026h[?25l[A[1Gpulling manifest [K
pulling 1194192cf2a1:  68% ▕████████████      ▏  12 GB/ 18 GB  1.0 GB/s      5s[K[?25h[?2026l[?2026h[?25l[A[1Gpulling manifest [K
pulling 1194192cf2a1:  68% ▕████████████      ▏  12 GB/ 18 GB  1.0 GB/s      5s[K[?25h[?2026l[?2026h[?25l[A[1Gpulling manifest [K
pulling 1194192cf2a1:  68% ▕████████████      ▏  12 GB/ 18 GB  1.0 GB/s      5s[K[?25h[?2026l[?2026h[?25l[A[1Gpulling manifest [K
pulling 1194192cf2a1:  69% ▕████████████      ▏  12 GB/ 18 GB  1.0 GB/s      5s[K[?25h[?2026l[?2026h[?25l[A[1Gpulling manifest [K
pulling 1194192cf2a1:  70% ▕████████████      ▏  12 GB/ 18 GB  1.0 GB/s      5s[K[?25h[?2026l[?2026h[?25l[A[1Gpulling manifest [K
pulling 1194192cf2a1:  70% ▕████████████      ▏  12 GB/ 18 GB  1.0 GB/s      5s[K[?25h[?2026l[?2026h[?25l[A[1Gpulling manifest [K
pulling 1194192cf2a1:  70% ▕████████████      ▏  13 GB/ 18 GB  1.0 GB/s      5s[K[?25h[?2026l[?2026h[?25l[A[1Gpulling manifest [K
pulling 1194192cf2a1:  71% ▕████████████      ▏  13 GB/ 18 GB  1.0 GB/s      5s[K[?25h[?2026l[?2026h[?25l[A[1Gpulling manifest [K
pulling 1194192cf2a1:  71% ▕████████████      ▏  13 GB/ 18 GB  1.0 GB/s      5s[K[?25h[?2026l[?2026h[?25l[A[1Gpulling manifest [K
pulling 1194192cf2a1:  72% ▕████████████      ▏  13 GB/ 18 GB  1.0 GB/s      5s[K[?25h[?2026l[?2026h[?25l[A[1Gpulling manifest [K
pulling 1194192cf2a1:  72% ▕█████████████     ▏  13 GB/ 18 GB  997 MB/s      5s[K[?25h[?2026l[?2026h[?25l[A[1Gpulling manifest [K
pulling 1194192cf2a1:  73% ▕█████████████     ▏  13 GB/ 18 GB  997 MB/s      5s[K[?25h[?2026l[?2026h[?25l[A[1Gpulling manifest [K
pulling 1194192cf2a1:  73% ▕█████████████     ▏  13 GB/ 18 GB  997 MB/s      4s[K[?25h[?2026l[?2026h[?25l[A[1Gpulling manifest [K
pulling 1194192cf2a1:  74% ▕█████████████     ▏  13 GB/ 18 GB  997 MB/s      4s[K[?25h[?2026l[?2026h[?25l[A[1Gpulling manifest [K
pulling 1194192cf2a1:  74% ▕█████████████     ▏  13 GB/ 18 GB  997 MB/s      4s[K[?25h[?2026l[?2026h[?25l[A[1Gpulling manifest [K
pulling 1194192cf2a1:  74% ▕█████████████     ▏  13 GB/ 18 GB  997 MB/s      4s[K[?25h[?2026l[?2026h[?25l[A[1Gpulling manifest [K
pulling 1194192cf2a1:  75% ▕█████████████     ▏  13 GB/ 18 GB  997 MB/s      4s[K[?25h[?2026l[?2026h[?25l[A[1Gpulling manifest [K
pulling 1194192cf2a1:  75% ▕█████████████     ▏  13 GB/ 18 GB  997 MB/s      4s[K[?25h[?2026l[?2026h[?25l[A[1Gpulling manifest [K
pulling 1194192cf2a1:  76% ▕█████████████     ▏  14 GB/ 18 GB  997 MB/s      4s[K[?25h[?2026l[?2026h[?25l[A[1Gpulling manifest [K
pulling 1194192cf2a1:  76% ▕█████████████     ▏  14 GB/ 18 GB  997 MB/s      4s[K[?25h[?2026l[?2026h[?25l[A[1Gpulling manifest [K
pulling 1194192cf2a1:  77% ▕█████████████     ▏  14 GB/ 18 GB  963 MB/s      4s[K[?25h[?2026l[?2026h[?25l[A[1Gpulling manifest [K
pulling 1194192cf2a1:  77% ▕█████████████     ▏  14 GB/ 18 GB  963 MB/s      4s[K[?25h[?2026l[?2026h[?25l[A[1Gpulling manifest [K
pulling 1194192cf2a1:  78% ▕█████████████     ▏  14 GB/ 18 GB  963 MB/s      4s[K[?25h[?2026l[?2026h[?25l[A[1Gpulling manifest [K
pulling 1194192cf2a1:  78% ▕██████████████    ▏  14 GB/ 18 GB  963 MB/s      4s[K[?25h[?2026l[?2026h[?25l[A[1Gpulling manifest [K
pulling 1194192cf2a1:  78% ▕██████████████    ▏  14 GB/ 18 GB  963 MB/s      4s[K[?25h[?2026l[?2026h[?25l[A[1Gpulling manifest [K
pulling 1194192cf2a1:  79% ▕██████████████    ▏  14 GB/ 18 GB  963 MB/s      4s[K[?25h[?2026l[?2026h[?25l[A[1Gpulling manifest [K
pulling 1194192cf2a1:  79% ▕██████████████    ▏  14 GB/ 18 GB  963 MB/s      4s[K[?25h[?2026l[?2026h[?25l[A[1Gpulling manifest [K
pulling 1194192cf2a1:  80% ▕██████████████    ▏  14 GB/ 18 GB  963 MB/s      3s[K[?25h[?2026l[?2026h[?25l[A[1Gpulling manifest [K
pulling 1194192cf2a1:  80% ▕██████████████    ▏  14 GB/ 18 GB  963 MB/s      3s[K[?25h[?2026l[?2026h[?25l[A[1Gpulling manifest [K
pulling 1194192cf2a1:  80% ▕██████████████    ▏  14 GB/ 18 GB  963 MB/s      3s[K[?25h[?2026l[?2026h[?25l[A[1Gpulling manifest [K
pulling 1194192cf2a1:  81% ▕██████████████    ▏  15 GB/ 18 GB  940 MB/s      3s[K[?25h[?2026l[?2026h[?25l[A[1Gpulling manifest [K
pulling 1194192cf2a1:  81% ▕██████████████    ▏  15 GB/ 18 GB  940 MB/s      3s[K[?25h[?2026l[?2026h[?25l[A[1Gpulling manifest [K
pulling 1194192cf2a1:  82% ▕██████████████    ▏  15 GB/ 18 GB  940 MB/s      3s[K[?25h[?2026l[?2026h[?25l[A[1Gpulling manifest [K
pulling 1194192cf2a1:  82% ▕██████████████    ▏  15 GB/ 18 GB  940 MB/s      3s[K[?25h[?2026l[?2026h[?25l[A[1Gpulling manifest [K
pulling 1194192cf2a1:  82% ▕██████████████    ▏  15 GB/ 18 GB  940 MB/s      3s[K[?25h[?2026l[?2026h[?25l[A[1Gpulling manifest [K
pulling 1194192cf2a1:  82% ▕██████████████    ▏  15 GB/ 18 GB  940 MB/s      3s[K[?25h[?2026l[?2026h[?25l[A[1Gpulling manifest [K
pulling 1194192cf2a1:  83% ▕██████████████    ▏  15 GB/ 18 GB  940 MB/s      3s[K[?25h[?2026l[?2026h[?25l[A[1Gpulling manifest [K
pulling 1194192cf2a1:  83% ▕██████████████    ▏  15 GB/ 18 GB  940 MB/s      3s[K[?25h[?2026l[?2026h[?25l[A[1Gpulling manifest [K
pulling 1194192cf2a1:  83% ▕██████████████    ▏  15 GB/ 18 GB  940 MB/s      3s[K[?25h[?2026l[?2026h[?25l[A[1Gpulling manifest [K
pulling 1194192cf2a1:  83% ▕███████████████   ▏  15 GB/ 18 GB  940 MB/s      3s[K[?25h[?2026l[?2026h[?25l[A[1Gpulling manifest [K
pulling 1194192cf2a1:  84% ▕███████████████   ▏  15 GB/ 18 GB  881 MB/s      3s[K[?25h[?2026l[?2026h[?25l[A[1Gpulling manifest [K
pulling 1194192cf2a1:  84% ▕███████████████   ▏  15 GB/ 18 GB  881 MB/s      3s[K[?25h[?2026l[?2026h[?25l[A[1Gpulling manifest [K
pulling 1194192cf2a1:  84% ▕███████████████   ▏  15 GB/ 18 GB  881 MB/s      3s[K[?25h[?2026l[?2026h[?25l[A[1Gpulling manifest [K
pulling 1194192cf2a1:  84% ▕███████████████   ▏  15 GB/ 18 GB  881 MB/s      3s[K[?25h[?2026l[?2026h[?25l[A[1Gpulling manifest [K
pulling 1194192cf2a1:  84% ▕███████████████   ▏  15 GB/ 18 GB  881 MB/s      3s[K[?25h[?2026l[?2026h[?25l[A[1Gpulling manifest [K
pulling 1194192cf2a1:  85% ▕███████████████   ▏  15 GB/ 18 GB  881 MB/s      3s[K[?25h[?2026l[?2026h[?25l[A[1Gpulling manifest [K
pulling 1194192cf2a1:  85% ▕███████████████   ▏  15 GB/ 18 GB  881 MB/s      3s[K[?25h[?2026l[?2026h[?25l[A[1Gpulling manifest [K
pulling 1194192cf2a1:  85% ▕███████████████   ▏  15 GB/ 18 GB  881 MB/s      3s[K[?25h[?2026l[?2026h[?25l[A[1Gpulling manifest [K
pulling 1194192cf2a1:  85% ▕███████████████   ▏  15 GB/ 18 GB  881 MB/s      3s[K[?25h[?2026l[?2026h[?25l[A[1Gpulling manifest [K
pulling 1194192cf2a1:  86% ▕███████████████   ▏  15 GB/ 18 GB  881 MB/s      3s[K[?25h[?2026l[?2026h[?25l[A[1Gpulling manifest [K
pulling 1194192cf2a1:  86% ▕███████████████   ▏  15 GB/ 18 GB  881 MB/s      3s[K[?25h[?2026l[?2026h[?25l[A[1Gpulling manifest [K
pulling 1194192cf2a1:  86% ▕███████████████   ▏  15 GB/ 18 GB  812 MB/s      3s[K[?25h[?2026l[?2026h[?25l[A[1Gpulling manifest [K
pulling 1194192cf2a1:  86% ▕███████████████   ▏  15 GB/ 18 GB  812 MB/s      3s[K[?25h[?2026l[?2026h[?25l[A[1Gpulling manifest [K
pulling 1194192cf2a1:  86% ▕███████████████   ▏  16 GB/ 18 GB  812 MB/s      3s[K[?25h[?2026l[?2026h[?25l[A[1Gpulling manifest [K
pulling 1194192cf2a1:  86% ▕███████████████   ▏  16 GB/ 18 GB  812 MB/s      3s[K[?25h[?2026l[?2026h[?25l[A[1Gpulling manifest [K
pulling 1194192cf2a1:  87% ▕███████████████   ▏  16 GB/ 18 GB  812 MB/s      3s[K[?25h[?2026l[?2026h[?25l[A[1Gpulling manifest [K
pulling 1194192cf2a1:  87% ▕███████████████   ▏  16 GB/ 18 GB  812 MB/s      3s[K[?25h[?2026l[?2026h[?25l[A[1Gpulling manifest [K
pulling 1194192cf2a1:  87% ▕███████████████   ▏  16 GB/ 18 GB  812 MB/s      2s[K[?25h[?2026l[?2026h[?25l[A[1Gpulling manifest [K
pulling 1194192cf2a1:  87% ▕███████████████   ▏  16 GB/ 18 GB  812 MB/s      2s[K[?25h[?2026l[?2026h[?25l[A[1Gpulling manifest [K
pulling 1194192cf2a1:  87% ▕███████████████   ▏  16 GB/ 18 GB  812 MB/s      2s[K[?25h[?2026l[?2026h[?25l[A[1Gpulling manifest [K
pulling 1194192cf2a1:  88% ▕███████████████   ▏  16 GB/ 18 GB  812 MB/s      2s[K[?25h[?2026l[?2026h[?25l[A[1Gpulling manifest [K
pulling 1194192cf2a1:  88% ▕███████████████   ▏  16 GB/ 18 GB  738 MB/s      3s[K[?25h[?2026l[?2026h[?25l[A[1Gpulling manifest [K
pulling 1194192cf2a1:  88% ▕███████████████   ▏  16 GB/ 18 GB  738 MB/s      3s[K[?25h[?2026l[?2026h[?25l[A[1Gpulling manifest [K
pulling 1194192cf2a1:  88% ▕███████████████   ▏  16 GB/ 18 GB  738 MB/s      2s[K[?25h[?2026l[?2026h[?25l[A[1Gpulling manifest [K
pulling 1194192cf2a1:  89% ▕███████████████   ▏  16 GB/ 18 GB  738 MB/s      2s[K[?25h[?2026l[?2026h[?25l[A[1Gpulling manifest [K
pulling 1194192cf2a1:  89% ▕███████████████   ▏  16 GB/ 18 GB  738 MB/s      2s[K[?25h[?2026l[?2026h[?25l[A[1Gpulling manifest [K
pulling 1194192cf2a1:  89% ▕████████████████  ▏  16 GB/ 18 GB  738 MB/s      2s[K[?25h[?2026l[?2026h[?25l[A[1Gpulling manifest [K
pulling 1194192cf2a1:  89% ▕████████████████  ▏  16 GB/ 18 GB  738 MB/s      2s[K[?25h[?2026l[?2026h[?25l[A[1Gpulling manifest [K
pulling 1194192cf2a1:  89% ▕████████████████  ▏  16 GB/ 18 GB  738 MB/s      2s[K[?25h[?2026l[?2026h[?25l[A[1Gpulling manifest [K
pulling 1194192cf2a1:  90% ▕████████████████  ▏  16 GB/ 18 GB  738 MB/s      2s[K[?25h[?2026l[?2026h[?25l[A[1Gpulling manifest [K
pulling 1194192cf2a1:  90% ▕████████████████  ▏  16 GB/ 18 GB  738 MB/s      2s[K[?25h[?2026l[?2026h[?25l[A[1Gpulling manifest [K
pulling 1194192cf2a1:  90% ▕████████████████  ▏  16 GB/ 18 GB  670 MB/s      2s[K[?25h[?2026l[?2026h[?25l[A[1Gpulling manifest [K
pulling 1194192cf2a1:  90% ▕████████████████  ▏  16 GB/ 18 GB  670 MB/s      2s[K[?25h[?2026l[?2026h[?25l[A[1Gpulling manifest [K
pulling 1194192cf2a1:  90% ▕████████████████  ▏  16 GB/ 18 GB  670 MB/s      2s[K[?25h[?2026l[?2026h[?25l[A[1Gpulling manifest [K
pulling 1194192cf2a1:  90% ▕████████████████  ▏  16 GB/ 18 GB  670 MB/s      2s[K[?25h[?2026l[?2026h[?25l[A[1Gpulling manifest [K
pulling 1194192cf2a1:  91% ▕████████████████  ▏  16 GB/ 18 GB  670 MB/s      2s[K[?25h[?2026l[?2026h[?25l[A[1Gpulling manifest [K
pulling 1194192cf2a1:  91% ▕████████████████  ▏  16 GB/ 18 GB  670 MB/s      2s[K[?25h[?2026l[?2026h[?25l[A[1Gpulling manifest [K
pulling 1194192cf2a1:  91% ▕████████████████  ▏  16 GB/ 18 GB  670 MB/s      2s[K[?25h[?2026l[?2026h[?25l[A[1Gpulling manifest [K
pulling 1194192cf2a1:  91% ▕████████████████  ▏  16 GB/ 18 GB  670 MB/s      2s[K[?25h[?2026l[?2026h[?25l[A[1Gpulling manifest [K
pulling 1194192cf2a1:  91% ▕████████████████  ▏  16 GB/ 18 GB  670 MB/s      2s[K[?25h[?2026l[?2026h[?25l[A[1Gpulling manifest [K
pulling 1194192cf2a1:  92% ▕████████████████  ▏  16 GB/ 18 GB  670 MB/s      2s[K[?25h[?2026l[?2026h[?25l[A[1Gpulling manifest [K
pulling 1194192cf2a1:  92% ▕████████████████  ▏  17 GB/ 18 GB  598 MB/s      2s[K[?25h[?2026l[?2026h[?25l[A[1Gpulling manifest [K
pulling 1194192cf2a1:  92% ▕████████████████  ▏  17 GB/ 18 GB  598 MB/s      2s[K[?25h[?2026l[?2026h[?25l[A[1Gpulling manifest [K
pulling 1194192cf2a1:  92% ▕████████████████  ▏  17 GB/ 18 GB  598 MB/s      2s[K[?25h[?2026l[?2026h[?25l[A[1Gpulling manifest [K
pulling 1194192cf2a1:  92% ▕████████████████  ▏  17 GB/ 18 GB  598 MB/s      2s[K[?25h[?2026l[?2026h[?25l[A[1Gpulling manifest [K
pulling 1194192cf2a1:  92% ▕████████████████  ▏  17 GB/ 18 GB  598 MB/s      2s[K[?25h[?2026l[?2026h[?25l[A[1Gpulling manifest [K
pulling 1194192cf2a1:  93% ▕████████████████  ▏  17 GB/ 18 GB  598 MB/s      2s[K[?25h[?2026l[?2026h[?25l[A[1Gpulling manifest [K
pulling 1194192cf2a1:  93% ▕████████████████  ▏  17 GB/ 18 GB  598 MB/s      2s[K[?25h[?2026l[?2026h[?25l[A[1Gpulling manifest [K
pulling 1194192cf2a1:  93% ▕████████████████  ▏  17 GB/ 18 GB  598 MB/s      2s[K[?25h[?2026l[?2026h[?25l[A[1Gpulling manifest [K
pulling 1194192cf2a1:  93% ▕████████████████  ▏  17 GB/ 18 GB  598 MB/s      2s[K[?25h[?2026l[?2026h[?25l[A[1Gpulling manifest [K
pulling 1194192cf2a1:  93% ▕████████████████  ▏  17 GB/ 18 GB  598 MB/s      2s[K[?25h[?2026l[?2026h[?25l[A[1Gpulling manifest [K
pulling 1194192cf2a1:  94% ▕████████████████  ▏  17 GB/ 18 GB  540 MB/s      2s[K[?25h[?2026l[?2026h[?25l[A[1Gpulling manifest [K
pulling 1194192cf2a1:  94% ▕████████████████  ▏  17 GB/ 18 GB  540 MB/s      2s[K[?25h[?2026l[?2026h[?25l[A[1Gpulling manifest [K
pulling 1194192cf2a1:  94% ▕████████████████  ▏  17 GB/ 18 GB  540 MB/s      2s[K[?25h[?2026l[?2026h[?25l[A[1Gpulling manifest [K
pulling 1194192cf2a1:  94% ▕████████████████  ▏  17 GB/ 18 GB  540 MB/s      2s[K[?25h[?2026l[?2026h[?25l[A[1Gpulling manifest [K
pulling 1194192cf2a1:  94% ▕████████████████  ▏  17 GB/ 18 GB  540 MB/s      2s[K[?25h[?2026l[?2026h[?25l[A[1Gpulling manifest [K
pulling 1194192cf2a1:  94% ▕████████████████  ▏  17 GB/ 18 GB  540 MB/s      1s[K[?25h[?2026l[?2026h[?25l[A[1Gpulling manifest [K
pulling 1194192cf2a1:  94% ▕████████████████  ▏  17 GB/ 18 GB  540 MB/s      1s[K[?25h[?2026l[?2026h[?25l[A[1Gpulling manifest [K
pulling 1194192cf2a1:  95% ▕█████████████████ ▏  17 GB/ 18 GB  540 MB/s      1s[K[?25h[?2026l[?2026h[?25l[A[1Gpulling manifest [K
pulling 1194192cf2a1:  95% ▕█████████████████ ▏  17 GB/ 18 GB  540 MB/s      1s[K[?25h[?2026l[?2026h[?25l[A[1Gpulling manifest [K
pulling 1194192cf2a1:  95% ▕█████████████████ ▏  17 GB/ 18 GB  540 MB/s      1s[K[?25h[?2026l[?2026h[?25l[A[1Gpulling manifest [K
pulling 1194192cf2a1:  95% ▕█████████████████ ▏  17 GB/ 18 GB  540 MB/s      1s[K[?25h[?2026l[?2026h[?25l[A[1Gpulling manifest [K
pulling 1194192cf2a1:  95% ▕█████████████████ ▏  17 GB/ 18 GB  471 MB/s      1s[K[?25h[?2026l[?2026h[?25l[A[1Gpulling manifest [K
pulling 1194192cf2a1:  95% ▕█████████████████ ▏  17 GB/ 18 GB  471 MB/s      1s[K[?25h[?2026l[?2026h[?25l[A[1Gpulling manifest [K
pulling 1194192cf2a1:  95% ▕█████████████████ ▏  17 GB/ 18 GB  471 MB/s      1s[K[?25h[?2026l[?2026h[?25l[A[1Gpulling manifest [K
pulling 1194192cf2a1:  95% ▕█████████████████ ▏  17 GB/ 18 GB  471 MB/s      1s[K[?25h[?2026l[?2026h[?25l[A[1Gpulling manifest [K
pulling 1194192cf2a1:  96% ▕█████████████████ ▏  17 GB/ 18 GB  471 MB/s      1s[K[?25h[?2026l[?2026h[?25l[A[1Gpulling manifest [K
pulling 1194192cf2a1:  96% ▕█████████████████ ▏  17 GB/ 18 GB  471 MB/s      1s[K[?25h[?2026l[?2026h[?25l[A[1Gpulling manifest [K
pulling 1194192cf2a1:  96% ▕█████████████████ ▏  17 GB/ 18 GB  471 MB/s      1s[K[?25h[?2026l[?2026h[?25l[A[1Gpulling manifest [K
pulling 1194192cf2a1:  96% ▕█████████████████ ▏  17 GB/ 18 GB  471 MB/s      1s[K[?25h[?2026l[?2026h[?25l[A[1Gpulling manifest [K
pulling 1194192cf2a1:  96% ▕█████████████████ ▏  17 GB/ 18 GB  471 MB/s      1s[K[?25h[?2026l[?2026h[?25l[A[1Gpulling manifest [K
pulling 1194192cf2a1:  96% ▕█████████████████ ▏  17 GB/ 18 GB  471 MB/s      1s[K[?25h[?2026l[?2026h[?25l[A[1Gpulling manifest [K
pulling 1194192cf2a1:  96% ▕█████████████████ ▏  17 GB/ 18 GB  409 MB/s      1s[K[?25h[?2026l[?2026h[?25l[A[1Gpulling manifest [K
pulling 1194192cf2a1:  97% ▕█████████████████ ▏  17 GB/ 18 GB  409 MB/s      1s[K[?25h[?2026l[?2026h[?25l[A[1Gpulling manifest [K
pulling 1194192cf2a1:  97% ▕█████████████████ ▏  17 GB/ 18 GB  409 MB/s      1s[K[?25h[?2026l[?2026h[?25l[A[1Gpulling manifest [K
pulling 1194192cf2a1:  97% ▕█████████████████ ▏  17 GB/ 18 GB  409 MB/s      1s[K[?25h[?2026l[?2026h[?25l[A[1Gpulling manifest [K
pulling 1194192cf2a1:  97% ▕█████████████████ ▏  17 GB/ 18 GB  409 MB/s      1s[K[?25h[?2026l[?2026h[?25l[A[1Gpulling manifest [K
pulling 1194192cf2a1:  97% ▕█████████████████ ▏  18 GB/ 18 GB  409 MB/s      1s[K[?25h[?2026l[?2026h[?25l[A[1Gpulling manifest [K
pulling 1194192cf2a1:  97% ▕█████████████████ ▏  18 GB/ 18 GB  409 MB/s      1s[K[?25h[?2026l[?2026h[?25l[A[1Gpulling manifest [K
pulling 1194192cf2a1:  97% ▕█████████████████ ▏  18 GB/ 18 GB  409 MB/s      1s[K[?25h[?2026l[?2026h[?25l[A[1Gpulling manifest [K
pulling 1194192cf2a1:  98% ▕█████████████████ ▏  18 GB/ 18 GB  409 MB/s      1s[K[?25h[?2026l[?2026h[?25l[A[1Gpulling manifest [K
pulling 1194192cf2a1:  98% ▕█████████████████ ▏  18 GB/ 18 GB  409 MB/s      0s[K[?25h[?2026l[?2026h[?25l[A[1Gpulling manifest [K
pulling 1194192cf2a1:  98% ▕█████████████████ ▏  18 GB/ 18 GB  351 MB/s      1s[K[?25h[?2026l[?2026h[?25l[A[1Gpulling manifest [K
pulling 1194192cf2a1:  98% ▕█████████████████ ▏  18 GB/ 18 GB  351 MB/s      0s[K[?25h[?2026l[?2026h[?25l[A[1Gpulling manifest [K
pulling 1194192cf2a1:  98% ▕█████████████████ ▏  18 GB/ 18 GB  351 MB/s      0s[K[?25h[?2026l[?2026h[?25l[A[1Gpulling manifest [K
pulling 1194192cf2a1:  98% ▕█████████████████ ▏  18 GB/ 18 GB  351 MB/s      0s[K[?25h[?2026l[?2026h[?25l[A[1Gpulling manifest [K
pulling 1194192cf2a1:  99% ▕█████████████████ ▏  18 GB/ 18 GB  351 MB/s      0s[K[?25h[?2026l[?2026h[?25l[A[1Gpulling manifest [K
pulling 1194192cf2a1:  99% ▕█████████████████ ▏  18 GB/ 18 GB  351 MB/s      0s[K[?25h[?2026l[?2026h[?25l[A[1Gpulling manifest [K
pulling 1194192cf2a1:  99% ▕█████████████████ ▏  18 GB/ 18 GB  351 MB/s      0s[K[?25h[?2026l[?2026h[?25l[A[1Gpulling manifest [K
pulling 1194192cf2a1:  99% ▕█████████████████ ▏  18 GB/ 18 GB  351 MB/s      0s[K[?25h[?2026l[?2026h[?25l[A[1Gpulling manifest [K
pulling 1194192cf2a1:  99% ▕█████████████████ ▏  18 GB/ 18 GB  351 MB/s      0s[K[?25h[?2026l[?2026h[?25l[A[1Gpulling manifest [K
pulling 1194192cf2a1:  99% ▕█████████████████ ▏  18 GB/ 18 GB  351 MB/s      0s[K[?25h[?2026l[?2026h[?25l[A[1Gpulling manifest [K
pulling 1194192cf2a1:  99% ▕█████████████████ ▏  18 GB/ 18 GB  325 MB/s      0s[K[?25h[?2026l[?2026h[?25l[A[1Gpulling manifest [K
pulling 1194192cf2a1: 100% ▕█████████████████ ▏  18 GB/ 18 GB  325 MB/s      0s[K[?25h[?2026l[?2026h[?25l[A[1Gpulling manifest [K
pulling 1194192cf2a1: 100% ▕█████████████████ ▏  18 GB/ 18 GB  325 MB/s      0s[K[?25h[?2026l[?2026h[?25l[A[1Gpulling manifest [K
pulling 1194192cf2a1: 100% ▕█████████████████ ▏  18 GB/ 18 GB  325 MB/s      0s[K[?25h[?2026l[?2026h[?25l[A[1Gpulling manifest [K
pulling 1194192cf2a1: 100% ▕█████████████████ ▏  18 GB/ 18 GB  325 MB/s      0s[K[?25h[?2026l[?2026h[?25l[A[1Gpulling manifest [K
pulling 1194192cf2a1: 100% ▕█████████████████ ▏  18 GB/ 18 GB  325 MB/s      0s[K[?25h[?2026l[?2026h[?25l[A[1Gpulling manifest [K
pulling 1194192cf2a1: 100% ▕█████████████████ ▏  18 GB/ 18 GB  325 MB/s      0s[K[?25h[?2026l[?2026h[?25l[A[1Gpulling manifest [K
pulling 1194192cf2a1: 100% ▕█████████████████ ▏  18 GB/ 18 GB  325 MB/s      0s[K[?25h[?2026l[?2026h[?25l[A[1Gpulling manifest [K
pulling 1194192cf2a1: 100% ▕█████████████████ ▏  18 GB/ 18 GB  325 MB/s      0s[K[?25h[?2026l[?2026h[?25l[A[1Gpulling manifest [K
pulling 1194192cf2a1: 100% ▕█████████████████ ▏  18 GB/ 18 GB  325 MB/s      0s[K[?25h[?2026l[?2026h[?25l[A[1Gpulling manifest [K
pulling 1194192cf2a1: 100% ▕█████████████████ ▏  18 GB/ 18 GB  293 MB/s      0s[K[?25h[?2026l[?2026h[?25l[A[1Gpulling manifest [K
pulling 1194192cf2a1: 100% ▕█████████████████ ▏  18 GB/ 18 GB  293 MB/s      0s[K[?25h[?2026l[?2026h[?25l[A[1Gpulling manifest [K
pulling 1194192cf2a1: 100% ▕██████████████████▏  18 GB                         [K[?25h[?2026l[?2026h[?25l[A[1Gpulling manifest [K
pulling 1194192cf2a1: 100% ▕██████████████████▏  18 GB                         [K[?25h[?2026l[?2026h[?25l[A[1Gpulling manifest [K
pulling 1194192cf2a1: 100% ▕██████████████████▏  18 GB                         [K[?25h[?2026l[?2026h[?25l[A[1Gpulling manifest [K
pulling 1194192cf2a1: 100% ▕██████████████████▏  18 GB                         [K[?25h[?2026l[?2026h[?25l[A[1Gpulling manifest [K
pulling 1194192cf2a1: 100% ▕██████████████████▏  18 GB                         [K[?25h[?2026l[?2026h[?25l[A[1Gpulling manifest [K
pulling 1194192cf2a1: 100% ▕██████████████████▏  18 GB                         [K[?25h[?2026l[?2026h[?25l[A[1Gpulling manifest [K
pulling 1194192cf2a1: 100% ▕██████████████████▏  18 GB                         [K[?25h[?2026l[?2026h[?25l[A[1Gpulling manifest [K
pulling 1194192cf2a1: 100% ▕██████████████████▏  18 GB                         [K
pulling d18a5cc71b84: 100% ▕██████████████████▏  11 KB                         [K[?25h[?2026l[?2026h[?25l[A[A[1Gpulling manifest [K
pulling 1194192cf2a1: 100% ▕██████████████████▏  18 GB                         [K
pulling d18a5cc71b84: 100% ▕██████████████████▏  11 KB                         [K[?25h[?2026l[?2026h[?25l[A[A[1Gpulling manifest [K
pulling 1194192cf2a1: 100% ▕██████████████████▏  18 GB                         [K
pulling d18a5cc71b84: 100% ▕██████████████████▏  11 KB                         [K[?25h[?2026l[?2026h[?25l[A[A[1Gpulling manifest [K
pulling 1194192cf2a1: 100% ▕██████████████████▏  18 GB                         [K
pulling d18a5cc71b84: 100% ▕██████████████████▏  11 KB                         [K[?25h[?2026l[?2026h[?25l[A[A[1Gpulling manifest [K
pulling 1194192cf2a1: 100% ▕██████████████████▏  18 GB                         [K
pulling d18a5cc71b84: 100% ▕██████████████████▏  11 KB                         [K[?25h[?2026l[?2026h[?25l[A[A[1Gpulling manifest [K
pulling 1194192cf2a1: 100% ▕██████████████████▏  18 GB                         [K
pulling d18a5cc71b84: 100% ▕██████████████████▏  11 KB                         [K[?25h[?2026l[?2026h[?25l[A[A[1Gpulling manifest [K
pulling 1194192cf2a1: 100% ▕██████████████████▏  18 GB                         [K
pulling d18a5cc71b84: 100% ▕██████████████████▏  11 KB                         [K[?25h[?2026l[?2026h[?25l[A[A[1Gpulling manifest [K
pulling 1194192cf2a1: 100% ▕██████████████████▏  18 GB                         [K
pulling d18a5cc71b84: 100% ▕██████████████████▏  11 KB                         [K[?25h[?2026l[?2026h[?25l[A[A[1Gpulling manifest [K
pulling 1194192cf2a1: 100% ▕██████████████████▏  18 GB                         [K
pulling d18a5cc71b84: 100% ▕██████████████████▏  11 KB                         [K[?25h[?2026l[?2026h[?25l[A[A[1Gpulling manifest [K
pulling 1194192cf2a1: 100% ▕██████████████████▏  18 GB                         [K
pulling d18a5cc71b84: 100% ▕██████████████████▏  11 KB                         [K[?25h[?2026l[?2026h[?25l[A[A[1Gpulling manifest [K
pulling 1194192cf2a1: 100% ▕██████████████████▏  18 GB                         [K
pulling d18a5cc71b84: 100% ▕██████████████████▏  11 KB                         [K[?25h[?2026l[?2026h[?25l[A[A[1Gpulling manifest [K
pulling 1194192cf2a1: 100% ▕██████████████████▏  18 GB                         [K
pulling d18a5cc71b84: 100% ▕██████████████████▏  11 KB                         [K[?25h[?2026l[?2026h[?25l[A[A[1Gpulling manifest [K
pulling 1194192cf2a1: 100% ▕██████████████████▏  18 GB                         [K
pulling d18a5cc71b84: 100% ▕██████████████████▏  11 KB                         [K[?25h[?2026l[?2026h[?25l[A[A[1Gpulling manifest [K
pulling 1194192cf2a1: 100% ▕██████████████████▏  18 GB                         [K
pulling d18a5cc71b84: 100% ▕██████████████████▏  11 KB                         [K[?25h[?2026l[?2026h[?25l[A[A[1Gpulling manifest [K
pulling 1194192cf2a1: 100% ▕██████████████████▏  18 GB                         [K
pulling d18a5cc71b84: 100% ▕██████████████████▏  11 KB                         [K
pulling 69aa441ea44f: 100% ▕██████████████████▏  148 B                         [K[?25h[?2026l[?2026h[?25l[A[A[A[1Gpulling manifest [K
pulling 1194192cf2a1: 100% ▕██████████████████▏  18 GB                         [K
pulling d18a5cc71b84: 100% ▕██████████████████▏  11 KB                         [K
pulling 69aa441ea44f: 100% ▕██████████████████▏  148 B                         [K[?25h[?2026l[?2026h[?25l[A[A[A[1Gpulling manifest [K
pulling 1194192cf2a1: 100% ▕██████████████████▏  18 GB                         [K
pulling d18a5cc71b84: 100% ▕██████████████████▏  11 KB                         [K
pulling 69aa441ea44f: 100% ▕██████████████████▏  148 B                         [K[?25h[?2026l[?2026h[?25l[A[A[A[1Gpulling manifest [K
pulling 1194192cf2a1: 100% ▕██████████████████▏  18 GB                         [K
pulling d18a5cc71b84: 100% ▕██████████████████▏  11 KB                         [K
pulling 69aa441ea44f: 100% ▕██████████████████▏  148 B                         [K[?25h[?2026l[?2026h[?25l[A[A[A[1Gpulling manifest [K
pulling 1194192cf2a1: 100% ▕██████████████████▏  18 GB                         [K
pulling d18a5cc71b84: 100% ▕██████████████████▏  11 KB                         [K
pulling 69aa441ea44f: 100% ▕██████████████████▏  148 B                         [K[?25h[?2026l[?2026h[?25l[A[A[A[1Gpulling manifest [K
pulling 1194192cf2a1: 100% ▕██████████████████▏  18 GB                         [K
pulling d18a5cc71b84: 100% ▕██████████████████▏  11 KB                         [K
pulling 69aa441ea44f: 100% ▕██████████████████▏  148 B                         [K[?25h[?2026l[?2026h[?25l[A[A[A[1Gpulling manifest [K
pulling 1194192cf2a1: 100% ▕██████████████████▏  18 GB                         [K
pulling d18a5cc71b84: 100% ▕██████████████████▏  11 KB                         [K
pulling 69aa441ea44f: 100% ▕██████████████████▏  148 B                         [K[?25h[?2026l[?2026h[?25l[A[A[A[1Gpulling manifest [K
pulling 1194192cf2a1: 100% ▕██████████████████▏  18 GB                         [K
pulling d18a5cc71b84: 100% ▕██████████████████▏  11 KB                         [K
pulling 69aa441ea44f: 100% ▕██████████████████▏  148 B                         [K[?25h[?2026l[?2026h[?25l[A[A[A[1Gpulling manifest [K
pulling 1194192cf2a1: 100% ▕██████████████████▏  18 GB                         [K
pulling d18a5cc71b84: 100% ▕██████████████████▏  11 KB                         [K
pulling 69aa441ea44f: 100% ▕██████████████████▏  148 B                         [K[?25h[?2026l[?2026h[?25l[A[A[A[1Gpulling manifest [K
pulling 1194192cf2a1: 100% ▕██████████████████▏  18 GB                         [K
pulling d18a5cc71b84: 100% ▕██████████████████▏  11 KB                         [K
pulling 69aa441ea44f: 100% ▕██████████████████▏  148 B                         [K[?25h[?2026l[?2026h[?25l[A[A[A[1Gpulling manifest [K
pulling 1194192cf2a1: 100% ▕██████████████████▏  18 GB                         [K
pulling d18a5cc71b84: 100% ▕██████████████████▏  11 KB                         [K
pulling 69aa441ea44f: 100% ▕██████████████████▏  148 B                         [K[?25h[?2026l[?2026h[?25l[A[A[A[1Gpulling manifest [K
pulling 1194192cf2a1: 100% ▕██████████████████▏  18 GB                         [K
pulling d18a5cc71b84: 100% ▕██████████████████▏  11 KB                         [K
pulling 69aa441ea44f: 100% ▕██████████████████▏  148 B                         [K[?25h[?2026l[?2026h[?25l[A[A[A[1Gpulling manifest [K
pulling 1194192cf2a1: 100% ▕██████████████████▏  18 GB                         [K
pulling d18a5cc71b84: 100% ▕██████████████████▏  11 KB                         [K
pulling 69aa441ea44f: 100% ▕██████████████████▏  148 B                         [K[?25h[?2026l[?2026h[?25l[A[A[A[1Gpulling manifest [K
pulling 1194192cf2a1: 100% ▕██████████████████▏  18 GB                         [K
pulling d18a5cc71b84: 100% ▕██████████████████▏  11 KB                         [K
pulling 69aa441ea44f: 100% ▕██████████████████▏  148 B                         [K
pulling 24a94682582c: 100% ▕██████████████████▏  542 B                         [K[?25h[?2026l[?2026h[?25l[A[A[A[A[1Gpulling manifest [K
pulling 1194192cf2a1: 100% ▕██████████████████▏  18 GB                         [K
pulling d18a5cc71b84: 100% ▕██████████████████▏  11 KB                         [K
pulling 69aa441ea44f: 100% ▕██████████████████▏  148 B                         [K
pulling 24a94682582c: 100% ▕██████████████████▏  542 B                         [K[?25h[?2026l[?2026h[?25l[A[A[A[A[1Gpulling manifest [K
pulling 1194192cf2a1: 100% ▕██████████████████▏  18 GB                         [K
pulling d18a5cc71b84: 100% ▕██████████████████▏  11 KB                         [K
pulling 69aa441ea44f: 100% ▕██████████████████▏  148 B                         [K
pulling 24a94682582c: 100% ▕██████████████████▏  542 B                         [K[?25h[?2026l[?2026h[?25l[A[A[A[A[1Gpulling manifest [K
pulling 1194192cf2a1: 100% ▕██████████████████▏  18 GB                         [K
pulling d18a5cc71b84: 100% ▕██████████████████▏  11 KB                         [K
pulling 69aa441ea44f: 100% ▕██████████████████▏  148 B                         [K
pulling 24a94682582c: 100% ▕██████████████████▏  542 B                         [K[?25h[?2026l[?2026h[?25l[A[A[A[A[1Gpulling manifest [K
pulling 1194192cf2a1: 100% ▕██████████████████▏  18 GB                         [K
pulling d18a5cc71b84: 100% ▕██████████████████▏  11 KB                         [K
pulling 69aa441ea44f: 100% ▕██████████████████▏  148 B                         [K
pulling 24a94682582c: 100% ▕██████████████████▏  542 B                         [K[?25h[?2026l[?2026h[?25l[A[A[A[A[1Gpulling manifest [K
pulling 1194192cf2a1: 100% ▕██████████████████▏  18 GB                         [K
pulling d18a5cc71b84: 100% ▕██████████████████▏  11 KB                         [K
pulling 69aa441ea44f: 100% ▕██████████████████▏  148 B                         [K
pulling 24a94682582c: 100% ▕██████████████████▏  542 B                         [K[?25h[?2026l[?2026h[?25l[A[A[A[A[1Gpulling manifest [K
pulling 1194192cf2a1: 100% ▕██████████████████▏  18 GB                         [K
pulling d18a5cc71b84: 100% ▕██████████████████▏  11 KB                         [K
pulling 69aa441ea44f: 100% ▕██████████████████▏  148 B                         [K
pulling 24a94682582c: 100% ▕██████████████████▏  542 B                         [K[?25h[?2026l[?2026h[?25l[A[A[A[A[1Gpulling manifest [K
pulling 1194192cf2a1: 100% ▕██████████████████▏  18 GB                         [K
pulling d18a5cc71b84: 100% ▕██████████████████▏  11 KB                         [K
pulling 69aa441ea44f: 100% ▕██████████████████▏  148 B                         [K
pulling 24a94682582c: 100% ▕██████████████████▏  542 B                         [K[?25h[?2026l[?2026h[?25l[A[A[A[A[1Gpulling manifest [K
pulling 1194192cf2a1: 100% ▕██████████████████▏  18 GB                         [K
pulling d18a5cc71b84: 100% ▕██████████████████▏  11 KB                         [K
pulling 69aa441ea44f: 100% ▕██████████████████▏  148 B                         [K
pulling 24a94682582c: 100% ▕██████████████████▏  542 B                         [K
verifying sha256 digest ⠋ [K[?25h[?2026l[?2026h[?25l[A[A[A[A[A[1Gpulling manifest [K
pulling 1194192cf2a1: 100% ▕██████████████████▏  18 GB                         [K
pulling d18a5cc71b84: 100% ▕██████████████████▏  11 KB                         [K
pulling 69aa441ea44f: 100% ▕██████████████████▏  148 B                         [K
pulling 24a94682582c: 100% ▕██████████████████▏  542 B                         [K
verifying sha256 digest ⠙ [K[?25h[?2026l[?2026h[?25l[A[A[A[A[A[1Gpulling manifest [K
pulling 1194192cf2a1: 100% ▕██████████████████▏  18 GB                         [K
pulling d18a5cc71b84: 100% ▕██████████████████▏  11 KB                         [K
pulling 69aa441ea44f: 100% ▕██████████████████▏  148 B                         [K
pulling 24a94682582c: 100% ▕██████████████████▏  542 B                         [K
verifying sha256 digest ⠹ [K[?25h[?2026l[?2026h[?25l[A[A[A[A[A[1Gpulling manifest [K
pulling 1194192cf2a1: 100% ▕██████████████████▏  18 GB                         [K
pulling d18a5cc71b84: 100% ▕██████████████████▏  11 KB                         [K
pulling 69aa441ea44f: 100% ▕██████████████████▏  148 B                         [K
pulling 24a94682582c: 100% ▕██████████████████▏  542 B                         [K
verifying sha256 digest ⠸ [K[?25h[?2026l[?2026h[?25l[A[A[A[A[A[1Gpulling manifest [K
pulling 1194192cf2a1: 100% ▕██████████████████▏  18 GB                         [K
pulling d18a5cc71b84: 100% ▕██████████████████▏  11 KB                         [K
pulling 69aa441ea44f: 100% ▕██████████████████▏  148 B                         [K
pulling 24a94682582c: 100% ▕██████████████████▏  542 B                         [K
verifying sha256 digest ⠼ [K[?25h[?2026l[?2026h[?25l[A[A[A[A[A[1Gpulling manifest [K
pulling 1194192cf2a1: 100% ▕██████████████████▏  18 GB                         [K
pulling d18a5cc71b84: 100% ▕██████████████████▏  11 KB                         [K
pulling 69aa441ea44f: 100% ▕██████████████████▏  148 B                         [K
pulling 24a94682582c: 100% ▕██████████████████▏  542 B                         [K
verifying sha256 digest ⠴ [K[?25h[?2026l[?2026h[?25l[A[A[A[A[A[1Gpulling manifest [K
pulling 1194192cf2a1: 100% ▕██████████████████▏  18 GB                         [K
pulling d18a5cc71b84: 100% ▕██████████████████▏  11 KB                         [K
pulling 69aa441ea44f: 100% ▕██████████████████▏  148 B                         [K
pulling 24a94682582c: 100% ▕██████████████████▏  542 B                         [K
verifying sha256 digest ⠦ [K[?25h[?2026l[?2026h[?25l[A[A[A[A[A[1Gpulling manifest [K
pulling 1194192cf2a1: 100% ▕██████████████████▏  18 GB                         [K
pulling d18a5cc71b84: 100% ▕██████████████████▏  11 KB                         [K
pulling 69aa441ea44f: 100% ▕██████████████████▏  148 B                         [K
pulling 24a94682582c: 100% ▕██████████████████▏  542 B                         [K
verifying sha256 digest ⠧ [K[?25h[?2026l[?2026h[?25l[A[A[A[A[A[1Gpulling manifest [K
pulling 1194192cf2a1: 100% ▕██████████████████▏  18 GB                         [K
pulling d18a5cc71b84: 100% ▕██████████████████▏  11 KB                         [K
pulling 69aa441ea44f: 100% ▕██████████████████▏  148 B                         [K
pulling 24a94682582c: 100% ▕██████████████████▏  542 B                         [K
verifying sha256 digest ⠇ [K[?25h[?2026l[?2026h[?25l[A[A[A[A[A[1Gpulling manifest [K
pulling 1194192cf2a1: 100% ▕██████████████████▏  18 GB                         [K
pulling d18a5cc71b84: 100% ▕██████████████████▏  11 KB                         [K
pulling 69aa441ea44f: 100% ▕██████████████████▏  148 B                         [K
pulling 24a94682582c: 100% ▕██████████████████▏  542 B                         [K
verifying sha256 digest ⠏ [K[?25h[?2026l[?2026h[?25l[A[A[A[A[A[1Gpulling manifest [K
pulling 1194192cf2a1: 100% ▕██████████████████▏  18 GB                         [K
pulling d18a5cc71b84: 100% ▕██████████████████▏  11 KB                         [K
pulling 69aa441ea44f: 100% ▕██████████████████▏  148 B                         [K
pulling 24a94682582c: 100% ▕██████████████████▏  542 B                         [K
verifying sha256 digest ⠋ [K[?25h[?2026l[?2026h[?25l[A[A[A[A[A[1Gpulling manifest [K
pulling 1194192cf2a1: 100% ▕██████████████████▏  18 GB                         [K
pulling d18a5cc71b84: 100% ▕██████████████████▏  11 KB                         [K
pulling 69aa441ea44f: 100% ▕██████████████████▏  148 B                         [K
pulling 24a94682582c: 100% ▕██████████████████▏  542 B                         [K
verifying sha256 digest ⠙ [K[?25h[?2026l[?2026h[?25l[A[A[A[A[A[1Gpulling manifest [K
pulling 1194192cf2a1: 100% ▕██████████████████▏  18 GB                         [K
pulling d18a5cc71b84: 100% ▕██████████████████▏  11 KB                         [K
pulling 69aa441ea44f: 100% ▕██████████████████▏  148 B                         [K
pulling 24a94682582c: 100% ▕██████████████████▏  542 B                         [K
verifying sha256 digest ⠹ [K[?25h[?2026l[?2026h[?25l[A[A[A[A[A[1Gpulling manifest [K
pulling 1194192cf2a1: 100% ▕██████████████████▏  18 GB                         [K
pulling d18a5cc71b84: 100% ▕██████████████████▏  11 KB                         [K
pulling 69aa441ea44f: 100% ▕██████████████████▏  148 B                         [K
pulling 24a94682582c: 100% ▕██████████████████▏  542 B                         [K
verifying sha256 digest ⠸ [K[?25h[?2026l[?2026h[?25l[A[A[A[A[A[1Gpulling manifest [K
pulling 1194192cf2a1: 100% ▕██████████████████▏  18 GB                         [K
pulling d18a5cc71b84: 100% ▕██████████████████▏  11 KB                         [K
pulling 69aa441ea44f: 100% ▕██████████████████▏  148 B                         [K
pulling 24a94682582c: 100% ▕██████████████████▏  542 B                         [K
verifying sha256 digest ⠼ [K[?25h[?2026l[?2026h[?25l[A[A[A[A[A[1Gpulling manifest [K
pulling 1194192cf2a1: 100% ▕██████████████████▏  18 GB                         [K
pulling d18a5cc71b84: 100% ▕██████████████████▏  11 KB                         [K
pulling 69aa441ea44f: 100% ▕██████████████████▏  148 B                         [K
pulling 24a94682582c: 100% ▕██████████████████▏  542 B                         [K
verifying sha256 digest ⠴ [K[?25h[?2026l[?2026h[?25l[A[A[A[A[A[1Gpulling manifest [K
pulling 1194192cf2a1: 100% ▕██████████████████▏  18 GB                         [K
pulling d18a5cc71b84: 100% ▕██████████████████▏  11 KB                         [K
pulling 69aa441ea44f: 100% ▕██████████████████▏  148 B                         [K
pulling 24a94682582c: 100% ▕██████████████████▏  542 B                         [K
verifying sha256 digest ⠦ [K[?25h[?2026l[?2026h[?25l[A[A[A[A[A[1Gpulling manifest [K
pulling 1194192cf2a1: 100% ▕██████████████████▏  18 GB                         [K
pulling d18a5cc71b84: 100% ▕██████████████████▏  11 KB                         [K
pulling 69aa441ea44f: 100% ▕██████████████████▏  148 B                         [K
pulling 24a94682582c: 100% ▕██████████████████▏  542 B                         [K
verifying sha256 digest ⠧ [K[?25h[?2026l[?2026h[?25l[A[A[A[A[A[1Gpulling manifest [K
pulling 1194192cf2a1: 100% ▕██████████████████▏  18 GB                         [K
pulling d18a5cc71b84: 100% ▕██████████████████▏  11 KB                         [K
pulling 69aa441ea44f: 100% ▕██████████████████▏  148 B                         [K
pulling 24a94682582c: 100% ▕██████████████████▏  542 B                         [K
verifying sha256 digest ⠇ [K[?25h[?2026l[?2026h[?25l[A[A[A[A[A[1Gpulling manifest [K
pulling 1194192cf2a1: 100% ▕██████████████████▏  18 GB                         [K
pulling d18a5cc71b84: 100% ▕██████████████████▏  11 KB                         [K
pulling 69aa441ea44f: 100% ▕██████████████████▏  148 B                         [K
pulling 24a94682582c: 100% ▕██████████████████▏  542 B                         [K
verifying sha256 digest ⠏ [K[?25h[?2026l[?2026h[?25l[A[A[A[A[A[1Gpulling manifest [K
pulling 1194192cf2a1: 100% ▕██████████████████▏  18 GB                         [K
pulling d18a5cc71b84: 100% ▕██████████████████▏  11 KB                         [K
pulling 69aa441ea44f: 100% ▕██████████████████▏  148 B                         [K
pulling 24a94682582c: 100% ▕██████████████████▏  542 B                         [K
verifying sha256 digest ⠋ [K[?25h[?2026l[?2026h[?25l[A[A[A[A[A[1Gpulling manifest [K
pulling 1194192cf2a1: 100% ▕██████████████████▏  18 GB                         [K
pulling d18a5cc71b84: 100% ▕██████████████████▏  11 KB                         [K
pulling 69aa441ea44f: 100% ▕██████████████████▏  148 B                         [K
pulling 24a94682582c: 100% ▕██████████████████▏  542 B                         [K
verifying sha256 digest ⠙ [K[?25h[?2026l[?2026h[?25l[A[A[A[A[A[1Gpulling manifest [K
pulling 1194192cf2a1: 100% ▕██████████████████▏  18 GB                         [K
pulling d18a5cc71b84: 100% ▕██████████████████▏  11 KB                         [K
pulling 69aa441ea44f: 100% ▕██████████████████▏  148 B                         [K
pulling 24a94682582c: 100% ▕██████████████████▏  542 B                         [K
verifying sha256 digest ⠹ [K[?25h[?2026l[?2026h[?25l[A[A[A[A[A[1Gpulling manifest [K
pulling 1194192cf2a1: 100% ▕██████████████████▏  18 GB                         [K
pulling d18a5cc71b84: 100% ▕██████████████████▏  11 KB                         [K
pulling 69aa441ea44f: 100% ▕██████████████████▏  148 B                         [K
pulling 24a94682582c: 100% ▕██████████████████▏  542 B                         [K
verifying sha256 digest ⠸ [K[?25h[?2026l[?2026h[?25l[A[A[A[A[A[1Gpulling manifest [K
pulling 1194192cf2a1: 100% ▕██████████████████▏  18 GB                         [K
pulling d18a5cc71b84: 100% ▕██████████████████▏  11 KB                         [K
pulling 69aa441ea44f: 100% ▕██████████████████▏  148 B                         [K
pulling 24a94682582c: 100% ▕██████████████████▏  542 B                         [K
verifying sha256 digest ⠼ [K[?25h[?2026l[?2026h[?25l[A[A[A[A[A[1Gpulling manifest [K
pulling 1194192cf2a1: 100% ▕██████████████████▏  18 GB                         [K
pulling d18a5cc71b84: 100% ▕██████████████████▏  11 KB                         [K
pulling 69aa441ea44f: 100% ▕██████████████████▏  148 B                         [K
pulling 24a94682582c: 100% ▕██████████████████▏  542 B                         [K
verifying sha256 digest ⠴ [K[?25h[?2026l[?2026h[?25l[A[A[A[A[A[1Gpulling manifest [K
pulling 1194192cf2a1: 100% ▕██████████████████▏  18 GB                         [K
pulling d18a5cc71b84: 100% ▕██████████████████▏  11 KB                         [K
pulling 69aa441ea44f: 100% ▕██████████████████▏  148 B                         [K
pulling 24a94682582c: 100% ▕██████████████████▏  542 B                         [K
verifying sha256 digest ⠦ [K[?25h[?2026l[?2026h[?25l[A[A[A[A[A[1Gpulling manifest [K
pulling 1194192cf2a1: 100% ▕██████████████████▏  18 GB                         [K
pulling d18a5cc71b84: 100% ▕██████████████████▏  11 KB                         [K
pulling 69aa441ea44f: 100% ▕██████████████████▏  148 B                         [K
pulling 24a94682582c: 100% ▕██████████████████▏  542 B                         [K
verifying sha256 digest ⠧ [K[?25h[?2026l[?2026h[?25l[A[A[A[A[A[1Gpulling manifest [K
pulling 1194192cf2a1: 100% ▕██████████████████▏  18 GB                         [K
pulling d18a5cc71b84: 100% ▕██████████████████▏  11 KB                         [K
pulling 69aa441ea44f: 100% ▕██████████████████▏  148 B                         [K
pulling 24a94682582c: 100% ▕██████████████████▏  542 B                         [K
verifying sha256 digest ⠇ [K[?25h[?2026l[?2026h[?25l[A[A[A[A[A[1Gpulling manifest [K
pulling 1194192cf2a1: 100% ▕██████████████████▏  18 GB                         [K
pulling d18a5cc71b84: 100% ▕██████████████████▏  11 KB                         [K
pulling 69aa441ea44f: 100% ▕██████████████████▏  148 B                         [K
pulling 24a94682582c: 100% ▕██████████████████▏  542 B                         [K
verifying sha256 digest ⠏ [K[?25h[?2026l[?2026h[?25l[A[A[A[A[A[1Gpulling manifest [K
pulling 1194192cf2a1: 100% ▕██████████████████▏  18 GB                         [K
pulling d18a5cc71b84: 100% ▕██████████████████▏  11 KB                         [K
pulling 69aa441ea44f: 100% ▕██████████████████▏  148 B                         [K
pulling 24a94682582c: 100% ▕██████████████████▏  542 B                         [K
verifying sha256 digest ⠋ [K[?25h[?2026l[?2026h[?25l[A[A[A[A[A[1Gpulling manifest [K
pulling 1194192cf2a1: 100% ▕██████████████████▏  18 GB                         [K
pulling d18a5cc71b84: 100% ▕██████████████████▏  11 KB                         [K
pulling 69aa441ea44f: 100% ▕██████████████████▏  148 B                         [K
pulling 24a94682582c: 100% ▕██████████████████▏  542 B                         [K
verifying sha256 digest ⠙ [K[?25h[?2026l[?2026h[?25l[A[A[A[A[A[1Gpulling manifest [K
pulling 1194192cf2a1: 100% ▕██████████████████▏  18 GB                         [K
pulling d18a5cc71b84: 100% ▕██████████████████▏  11 KB                         [K
pulling 69aa441ea44f: 100% ▕██████████████████▏  148 B                         [K
pulling 24a94682582c: 100% ▕██████████████████▏  542 B                         [K
verifying sha256 digest ⠹ [K[?25h[?2026l[?2026h[?25l[A[A[A[A[A[1Gpulling manifest [K
pulling 1194192cf2a1: 100% ▕██████████████████▏  18 GB                         [K
pulling d18a5cc71b84: 100% ▕██████████████████▏  11 KB                         [K
pulling 69aa441ea44f: 100% ▕██████████████████▏  148 B                         [K
pulling 24a94682582c: 100% ▕██████████████████▏  542 B                         [K
verifying sha256 digest ⠸ [K[?25h[?2026l[?2026h[?25l[A[A[A[A[A[1Gpulling manifest [K
pulling 1194192cf2a1: 100% ▕██████████████████▏  18 GB                         [K
pulling d18a5cc71b84: 100% ▕██████████████████▏  11 KB                         [K
pulling 69aa441ea44f: 100% ▕██████████████████▏  148 B                         [K
pulling 24a94682582c: 100% ▕██████████████████▏  542 B                         [K
verifying sha256 digest ⠼ [K[?25h[?2026l[?2026h[?25l[A[A[A[A[A[1Gpulling manifest [K
pulling 1194192cf2a1: 100% ▕██████████████████▏  18 GB                         [K
pulling d18a5cc71b84: 100% ▕██████████████████▏  11 KB                         [K
pulling 69aa441ea44f: 100% ▕██████████████████▏  148 B                         [K
pulling 24a94682582c: 100% ▕██████████████████▏  542 B                         [K
verifying sha256 digest ⠴ [K[?25h[?2026l[?2026h[?25l[A[A[A[A[A[1Gpulling manifest [K
pulling 1194192cf2a1: 100% ▕██████████████████▏  18 GB                         [K
pulling d18a5cc71b84: 100% ▕██████████████████▏  11 KB                         [K
pulling 69aa441ea44f: 100% ▕██████████████████▏  148 B                         [K
pulling 24a94682582c: 100% ▕██████████████████▏  542 B                         [K
verifying sha256 digest ⠦ [K[?25h[?2026l[?2026h[?25l[A[A[A[A[A[1Gpulling manifest [K
pulling 1194192cf2a1: 100% ▕██████████████████▏  18 GB                         [K
pulling d18a5cc71b84: 100% ▕██████████████████▏  11 KB                         [K
pulling 69aa441ea44f: 100% ▕██████████████████▏  148 B                         [K
pulling 24a94682582c: 100% ▕██████████████████▏  542 B                         [K
verifying sha256 digest ⠧ [K[?25h[?2026l[?2026h[?25l[A[A[A[A[A[1Gpulling manifest [K
pulling 1194192cf2a1: 100% ▕██████████████████▏  18 GB                         [K
pulling d18a5cc71b84: 100% ▕██████████████████▏  11 KB                         [K
pulling 69aa441ea44f: 100% ▕██████████████████▏  148 B                         [K
pulling 24a94682582c: 100% ▕██████████████████▏  542 B                         [K
verifying sha256 digest ⠇ [K[?25h[?2026l[?2026h[?25l[A[A[A[A[A[1Gpulling manifest [K
pulling 1194192cf2a1: 100% ▕██████████████████▏  18 GB                         [K
pulling d18a5cc71b84: 100% ▕██████████████████▏  11 KB                         [K
pulling 69aa441ea44f: 100% ▕██████████████████▏  148 B                         [K
pulling 24a94682582c: 100% ▕██████████████████▏  542 B                         [K
verifying sha256 digest ⠏ [K[?25h[?2026l[?2026h[?25l[A[A[A[A[A[1Gpulling manifest [K
pulling 1194192cf2a1: 100% ▕██████████████████▏  18 GB                         [K
pulling d18a5cc71b84: 100% ▕██████████████████▏  11 KB                         [K
pulling 69aa441ea44f: 100% ▕██████████████████▏  148 B                         [K
pulling 24a94682582c: 100% ▕██████████████████▏  542 B                         [K
verifying sha256 digest ⠋ [K[?25h[?2026l[?2026h[?25l[A[A[A[A[A[1Gpulling manifest [K
pulling 1194192cf2a1: 100% ▕██████████████████▏  18 GB                         [K
pulling d18a5cc71b84: 100% ▕██████████████████▏  11 KB                         [K
pulling 69aa441ea44f: 100% ▕██████████████████▏  148 B                         [K
pulling 24a94682582c: 100% ▕██████████████████▏  542 B                         [K
verifying sha256 digest ⠙ [K[?25h[?2026l[?2026h[?25l[A[A[A[A[A[1Gpulling manifest [K
pulling 1194192cf2a1: 100% ▕██████████████████▏  18 GB                         [K
pulling d18a5cc71b84: 100% ▕██████████████████▏  11 KB                         [K
pulling 69aa441ea44f: 100% ▕██████████████████▏  148 B                         [K
pulling 24a94682582c: 100% ▕██████████████████▏  542 B                         [K
verifying sha256 digest ⠹ [K[?25h[?2026l[?2026h[?25l[A[A[A[A[A[1Gpulling manifest [K
pulling 1194192cf2a1: 100% ▕██████████████████▏  18 GB                         [K
pulling d18a5cc71b84: 100% ▕██████████████████▏  11 KB                         [K
pulling 69aa441ea44f: 100% ▕██████████████████▏  148 B                         [K
pulling 24a94682582c: 100% ▕██████████████████▏  542 B                         [K
verifying sha256 digest ⠸ [K[?25h[?2026l[?2026h[?25l[A[A[A[A[A[1Gpulling manifest [K
pulling 1194192cf2a1: 100% ▕██████████████████▏  18 GB                         [K
pulling d18a5cc71b84: 100% ▕██████████████████▏  11 KB                         [K
pulling 69aa441ea44f: 100% ▕██████████████████▏  148 B                         [K
pulling 24a94682582c: 100% ▕██████████████████▏  542 B                         [K
verifying sha256 digest ⠼ [K[?25h[?2026l[?2026h[?25l[A[A[A[A[A[1Gpulling manifest [K
pulling 1194192cf2a1: 100% ▕██████████████████▏  18 GB                         [K
pulling d18a5cc71b84: 100% ▕██████████████████▏  11 KB                         [K
pulling 69aa441ea44f: 100% ▕██████████████████▏  148 B                         [K
pulling 24a94682582c: 100% ▕██████████████████▏  542 B                         [K
verifying sha256 digest ⠴ [K[?25h[?2026l[?2026h[?25l[A[A[A[A[A[1Gpulling manifest [K
pulling 1194192cf2a1: 100% ▕██████████████████▏  18 GB                         [K
pulling d18a5cc71b84: 100% ▕██████████████████▏  11 KB                         [K
pulling 69aa441ea44f: 100% ▕██████████████████▏  148 B                         [K
pulling 24a94682582c: 100% ▕██████████████████▏  542 B                         [K
verifying sha256 digest ⠦ [K[?25h[?2026l[?2026h[?25l[A[A[A[A[A[1Gpulling manifest [K
pulling 1194192cf2a1: 100% ▕██████████████████▏  18 GB                         [K
pulling d18a5cc71b84: 100% ▕██████████████████▏  11 KB                         [K
pulling 69aa441ea44f: 100% ▕██████████████████▏  148 B                         [K
pulling 24a94682582c: 100% ▕██████████████████▏  542 B                         [K
verifying sha256 digest ⠧ [K[?25h[?2026l[?2026h[?25l[A[A[A[A[A[1Gpulling manifest [K
pulling 1194192cf2a1: 100% ▕██████████████████▏  18 GB                         [K
pulling d18a5cc71b84: 100% ▕██████████████████▏  11 KB                         [K
pulling 69aa441ea44f: 100% ▕██████████████████▏  148 B                         [K
pulling 24a94682582c: 100% ▕██████████████████▏  542 B                         [K
verifying sha256 digest ⠇ [K[?25h[?2026l[?2026h[?25l[A[A[A[A[A[1Gpulling manifest [K
pulling 1194192cf2a1: 100% ▕██████████████████▏  18 GB                         [K
pulling d18a5cc71b84: 100% ▕██████████████████▏  11 KB                         [K
pulling 69aa441ea44f: 100% ▕██████████████████▏  148 B                         [K
pulling 24a94682582c: 100% ▕██████████████████▏  542 B                         [K
verifying sha256 digest ⠏ [K[?25h[?2026l[?2026h[?25l[A[A[A[A[A[1Gpulling manifest [K
pulling 1194192cf2a1: 100% ▕██████████████████▏  18 GB                         [K
pulling d18a5cc71b84: 100% ▕██████████████████▏  11 KB                         [K
pulling 69aa441ea44f: 100% ▕██████████████████▏  148 B                         [K
pulling 24a94682582c: 100% ▕██████████████████▏  542 B                         [K
verifying sha256 digest ⠋ [K[?25h[?2026l[?2026h[?25l[A[A[A[A[A[1Gpulling manifest [K
pulling 1194192cf2a1: 100% ▕██████████████████▏  18 GB                         [K
pulling d18a5cc71b84: 100% ▕██████████████████▏  11 KB                         [K
pulling 69aa441ea44f: 100% ▕██████████████████▏  148 B                         [K
pulling 24a94682582c: 100% ▕██████████████████▏  542 B                         [K
verifying sha256 digest ⠙ [K[?25h[?2026l[?2026h[?25l[A[A[A[A[A[1Gpulling manifest [K
pulling 1194192cf2a1: 100% ▕██████████████████▏  18 GB                         [K
pulling d18a5cc71b84: 100% ▕██████████████████▏  11 KB                         [K
pulling 69aa441ea44f: 100% ▕██████████████████▏  148 B                         [K
pulling 24a94682582c: 100% ▕██████████████████▏  542 B                         [K
verifying sha256 digest ⠹ [K[?25h[?2026l[?2026h[?25l[A[A[A[A[A[1Gpulling manifest [K
pulling 1194192cf2a1: 100% ▕██████████████████▏  18 GB                         [K
pulling d18a5cc71b84: 100% ▕██████████████████▏  11 KB                         [K
pulling 69aa441ea44f: 100% ▕██████████████████▏  148 B                         [K
pulling 24a94682582c: 100% ▕██████████████████▏  542 B                         [K
verifying sha256 digest ⠸ [K[?25h[?2026l[?2026h[?25l[A[A[A[A[A[1Gpulling manifest [K
pulling 1194192cf2a1: 100% ▕██████████████████▏  18 GB                         [K
pulling d18a5cc71b84: 100% ▕██████████████████▏  11 KB                         [K
pulling 69aa441ea44f: 100% ▕██████████████████▏  148 B                         [K
pulling 24a94682582c: 100% ▕██████████████████▏  542 B                         [K
verifying sha256 digest ⠼ [K[?25h[?2026l[?2026h[?25l[A[A[A[A[A[1Gpulling manifest [K
pulling 1194192cf2a1: 100% ▕██████████████████▏  18 GB                         [K
pulling d18a5cc71b84: 100% ▕██████████████████▏  11 KB                         [K
pulling 69aa441ea44f: 100% ▕██████████████████▏  148 B                         [K
pulling 24a94682582c: 100% ▕██████████████████▏  542 B                         [K
verifying sha256 digest ⠴ [K[?25h[?2026l[?2026h[?25l[A[A[A[A[A[1Gpulling manifest [K
pulling 1194192cf2a1: 100% ▕██████████████████▏  18 GB                         [K
pulling d18a5cc71b84: 100% ▕██████████████████▏  11 KB                         [K
pulling 69aa441ea44f: 100% ▕██████████████████▏  148 B                         [K
pulling 24a94682582c: 100% ▕██████████████████▏  542 B                         [K
verifying sha256 digest ⠦ [K[?25h[?2026l[?2026h[?25l[A[A[A[A[A[1Gpulling manifest [K
pulling 1194192cf2a1: 100% ▕██████████████████▏  18 GB                         [K
pulling d18a5cc71b84: 100% ▕██████████████████▏  11 KB                         [K
pulling 69aa441ea44f: 100% ▕██████████████████▏  148 B                         [K
pulling 24a94682582c: 100% ▕██████████████████▏  542 B                         [K
verifying sha256 digest ⠧ [K[?25h[?2026l[?2026h[?25l[A[A[A[A[A[1Gpulling manifest [K
pulling 1194192cf2a1: 100% ▕██████████████████▏  18 GB                         [K
pulling d18a5cc71b84: 100% ▕██████████████████▏  11 KB                         [K
pulling 69aa441ea44f: 100% ▕██████████████████▏  148 B                         [K
pulling 24a94682582c: 100% ▕██████████████████▏  542 B                         [K
verifying sha256 digest ⠇ [K[?25h[?2026l[?2026h[?25l[A[A[A[A[A[1Gpulling manifest [K
pulling 1194192cf2a1: 100% ▕██████████████████▏  18 GB                         [K
pulling d18a5cc71b84: 100% ▕██████████████████▏  11 KB                         [K
pulling 69aa441ea44f: 100% ▕██████████████████▏  148 B                         [K
pulling 24a94682582c: 100% ▕██████████████████▏  542 B                         [K
verifying sha256 digest ⠏ [K[?25h[?2026l[?2026h[?25l[A[A[A[A[A[1Gpulling manifest [K
pulling 1194192cf2a1: 100% ▕██████████████████▏  18 GB                         [K
pulling d18a5cc71b84: 100% ▕██████████████████▏  11 KB                         [K
pulling 69aa441ea44f: 100% ▕██████████████████▏  148 B                         [K
pulling 24a94682582c: 100% ▕██████████████████▏  542 B                         [K
verifying sha256 digest ⠋ [K[?25h[?2026l[?2026h[?25l[A[A[A[A[A[1Gpulling manifest [K
pulling 1194192cf2a1: 100% ▕██████████████████▏  18 GB                         [K
pulling d18a5cc71b84: 100% ▕██████████████████▏  11 KB                         [K
pulling 69aa441ea44f: 100% ▕██████████████████▏  148 B                         [K
pulling 24a94682582c: 100% ▕██████████████████▏  542 B                         [K
verifying sha256 digest ⠙ [K[?25h[?2026l[?2026h[?25l[A[A[A[A[A[1Gpulling manifest [K
pulling 1194192cf2a1: 100% ▕██████████████████▏  18 GB                         [K
pulling d18a5cc71b84: 100% ▕██████████████████▏  11 KB                         [K
pulling 69aa441ea44f: 100% ▕██████████████████▏  148 B                         [K
pulling 24a94682582c: 100% ▕██████████████████▏  542 B                         [K
verifying sha256 digest ⠹ [K[?25h[?2026l[?2026h[?25l[A[A[A[A[A[1Gpulling manifest [K
pulling 1194192cf2a1: 100% ▕██████████████████▏  18 GB                         [K
pulling d18a5cc71b84: 100% ▕██████████████████▏  11 KB                         [K
pulling 69aa441ea44f: 100% ▕██████████████████▏  148 B                         [K
pulling 24a94682582c: 100% ▕██████████████████▏  542 B                         [K
verifying sha256 digest ⠸ [K[?25h[?2026l[?2026h[?25l[A[A[A[A[A[1Gpulling manifest [K
pulling 1194192cf2a1: 100% ▕██████████████████▏  18 GB                         [K
pulling d18a5cc71b84: 100% ▕██████████████████▏  11 KB                         [K
pulling 69aa441ea44f: 100% ▕██████████████████▏  148 B                         [K
pulling 24a94682582c: 100% ▕██████████████████▏  542 B                         [K
verifying sha256 digest ⠼ [K[?25h[?2026l[?2026h[?25l[A[A[A[A[A[1Gpulling manifest [K
pulling 1194192cf2a1: 100% ▕██████████████████▏  18 GB                         [K
pulling d18a5cc71b84: 100% ▕██████████████████▏  11 KB                         [K
pulling 69aa441ea44f: 100% ▕██████████████████▏  148 B                         [K
pulling 24a94682582c: 100% ▕██████████████████▏  542 B                         [K
verifying sha256 digest ⠴ [K[?25h[?2026l[?2026h[?25l[A[A[A[A[A[1Gpulling manifest [K
pulling 1194192cf2a1: 100% ▕██████████████████▏  18 GB                         [K
pulling d18a5cc71b84: 100% ▕██████████████████▏  11 KB                         [K
pulling 69aa441ea44f: 100% ▕██████████████████▏  148 B                         [K
pulling 24a94682582c: 100% ▕██████████████████▏  542 B                         [K
verifying sha256 digest ⠦ [K[?25h[?2026l[?2026h[?25l[A[A[A[A[A[1Gpulling manifest [K
pulling 1194192cf2a1: 100% ▕██████████████████▏  18 GB                         [K
pulling d18a5cc71b84: 100% ▕██████████████████▏  11 KB                         [K
pulling 69aa441ea44f: 100% ▕██████████████████▏  148 B                         [K
pulling 24a94682582c: 100% ▕██████████████████▏  542 B                         [K
verifying sha256 digest ⠧ [K[?25h[?2026l[?2026h[?25l[A[A[A[A[A[1Gpulling manifest [K
pulling 1194192cf2a1: 100% ▕██████████████████▏  18 GB                         [K
pulling d18a5cc71b84: 100% ▕██████████████████▏  11 KB                         [K
pulling 69aa441ea44f: 100% ▕██████████████████▏  148 B                         [K
pulling 24a94682582c: 100% ▕██████████████████▏  542 B                         [K
verifying sha256 digest ⠇ [K[?25h[?2026l[?2026h[?25l[A[A[A[A[A[1Gpulling manifest [K
pulling 1194192cf2a1: 100% ▕██████████████████▏  18 GB                         [K
pulling d18a5cc71b84: 100% ▕██████████████████▏  11 KB                         [K
pulling 69aa441ea44f: 100% ▕██████████████████▏  148 B                         [K
pulling 24a94682582c: 100% ▕██████████████████▏  542 B                         [K
verifying sha256 digest ⠏ [K[?25h[?2026l[?2026h[?25l[A[A[A[A[A[1Gpulling manifest [K
pulling 1194192cf2a1: 100% ▕██████████████████▏  18 GB                         [K
pulling d18a5cc71b84: 100% ▕██████████████████▏  11 KB                         [K
pulling 69aa441ea44f: 100% ▕██████████████████▏  148 B                         [K
pulling 24a94682582c: 100% ▕██████████████████▏  542 B                         [K
verifying sha256 digest ⠋ [K[?25h[?2026l[?2026h[?25l[A[A[A[A[A[1Gpulling manifest [K
pulling 1194192cf2a1: 100% ▕██████████████████▏  18 GB                         [K
pulling d18a5cc71b84: 100% ▕██████████████████▏  11 KB                         [K
pulling 69aa441ea44f: 100% ▕██████████████████▏  148 B                         [K
pulling 24a94682582c: 100% ▕██████████████████▏  542 B                         [K
verifying sha256 digest ⠙ [K[?25h[?2026l[?2026h[?25l[A[A[A[A[A[1Gpulling manifest [K
pulling 1194192cf2a1: 100% ▕██████████████████▏  18 GB                         [K
pulling d18a5cc71b84: 100% ▕██████████████████▏  11 KB                         [K
pulling 69aa441ea44f: 100% ▕██████████████████▏  148 B                         [K
pulling 24a94682582c: 100% ▕██████████████████▏  542 B                         [K
verifying sha256 digest ⠹ [K[?25h[?2026l[?2026h[?25l[A[A[A[A[A[1Gpulling manifest [K
pulling 1194192cf2a1: 100% ▕██████████████████▏  18 GB                         [K
pulling d18a5cc71b84: 100% ▕██████████████████▏  11 KB                         [K
pulling 69aa441ea44f: 100% ▕██████████████████▏  148 B                         [K
pulling 24a94682582c: 100% ▕██████████████████▏  542 B                         [K
verifying sha256 digest ⠸ [K[?25h[?2026l[?2026h[?25l[A[A[A[A[A[1Gpulling manifest [K
pulling 1194192cf2a1: 100% ▕██████████████████▏  18 GB                         [K
pulling d18a5cc71b84: 100% ▕██████████████████▏  11 KB                         [K
pulling 69aa441ea44f: 100% ▕██████████████████▏  148 B                         [K
pulling 24a94682582c: 100% ▕██████████████████▏  542 B                         [K
verifying sha256 digest ⠼ [K[?25h[?2026l[?2026h[?25l[A[A[A[A[A[1Gpulling manifest [K
pulling 1194192cf2a1: 100% ▕██████████████████▏  18 GB                         [K
pulling d18a5cc71b84: 100% ▕██████████████████▏  11 KB                         [K
pulling 69aa441ea44f: 100% ▕██████████████████▏  148 B                         [K
pulling 24a94682582c: 100% ▕██████████████████▏  542 B                         [K
verifying sha256 digest ⠴ [K[?25h[?2026l[?2026h[?25l[A[A[A[A[A[1Gpulling manifest [K
pulling 1194192cf2a1: 100% ▕██████████████████▏  18 GB                         [K
pulling d18a5cc71b84: 100% ▕██████████████████▏  11 KB                         [K
pulling 69aa441ea44f: 100% ▕██████████████████▏  148 B                         [K
pulling 24a94682582c: 100% ▕██████████████████▏  542 B                         [K
verifying sha256 digest ⠦ [K[?25h[?2026l[?2026h[?25l[A[A[A[A[A[1Gpulling manifest [K
pulling 1194192cf2a1: 100% ▕██████████████████▏  18 GB                         [K
pulling d18a5cc71b84: 100% ▕██████████████████▏  11 KB                         [K
pulling 69aa441ea44f: 100% ▕██████████████████▏  148 B                         [K
pulling 24a94682582c: 100% ▕██████████████████▏  542 B                         [K
verifying sha256 digest ⠧ [K[?25h[?2026l[?2026h[?25l[A[A[A[A[A[1Gpulling manifest [K
pulling 1194192cf2a1: 100% ▕██████████████████▏  18 GB                         [K
pulling d18a5cc71b84: 100% ▕██████████████████▏  11 KB                         [K
pulling 69aa441ea44f: 100% ▕██████████████████▏  148 B                         [K
pulling 24a94682582c: 100% ▕██████████████████▏  542 B                         [K
verifying sha256 digest ⠇ [K[?25h[?2026l[?2026h[?25l[A[A[A[A[A[1Gpulling manifest [K
pulling 1194192cf2a1: 100% ▕██████████████████▏  18 GB                         [K
pulling d18a5cc71b84: 100% ▕██████████████████▏  11 KB                         [K
pulling 69aa441ea44f: 100% ▕██████████████████▏  148 B                         [K
pulling 24a94682582c: 100% ▕██████████████████▏  542 B                         [K
verifying sha256 digest ⠏ [K[?25h[?2026l[?2026h[?25l[A[A[A[A[A[1Gpulling manifest [K
pulling 1194192cf2a1: 100% ▕██████████████████▏  18 GB                         [K
pulling d18a5cc71b84: 100% ▕██████████████████▏  11 KB                         [K
pulling 69aa441ea44f: 100% ▕██████████████████▏  148 B                         [K
pulling 24a94682582c: 100% ▕██████████████████▏  542 B                         [K
verifying sha256 digest ⠋ [K[?25h[?2026l[?2026h[?25l[A[A[A[A[A[1Gpulling manifest [K
pulling 1194192cf2a1: 100% ▕██████████████████▏  18 GB                         [K
pulling d18a5cc71b84: 100% ▕██████████████████▏  11 KB                         [K
pulling 69aa441ea44f: 100% ▕██████████████████▏  148 B                         [K
pulling 24a94682582c: 100% ▕██████████████████▏  542 B                         [K
verifying sha256 digest ⠙ [K[?25h[?2026l[?2026h[?25l[A[A[A[A[A[1Gpulling manifest [K
pulling 1194192cf2a1: 100% ▕██████████████████▏  18 GB                         [K
pulling d18a5cc71b84: 100% ▕██████████████████▏  11 KB                         [K
pulling 69aa441ea44f: 100% ▕██████████████████▏  148 B                         [K
pulling 24a94682582c: 100% ▕██████████████████▏  542 B                         [K
verifying sha256 digest ⠹ [K[?25h[?2026l[?2026h[?25l[A[A[A[A[A[1Gpulling manifest [K
pulling 1194192cf2a1: 100% ▕██████████████████▏  18 GB                         [K
pulling d18a5cc71b84: 100% ▕██████████████████▏  11 KB                         [K
pulling 69aa441ea44f: 100% ▕██████████████████▏  148 B                         [K
pulling 24a94682582c: 100% ▕██████████████████▏  542 B                         [K
verifying sha256 digest ⠸ [K[?25h[?2026l[?2026h[?25l[A[A[A[A[A[1Gpulling manifest [K
pulling 1194192cf2a1: 100% ▕██████████████████▏  18 GB                         [K
pulling d18a5cc71b84: 100% ▕██████████████████▏  11 KB                         [K
pulling 69aa441ea44f: 100% ▕██████████████████▏  148 B                         [K
pulling 24a94682582c: 100% ▕██████████████████▏  542 B                         [K
verifying sha256 digest ⠼ [K[?25h[?2026l[?2026h[?25l[A[A[A[A[A[1Gpulling manifest [K
pulling 1194192cf2a1: 100% ▕██████████████████▏  18 GB                         [K
pulling d18a5cc71b84: 100% ▕██████████████████▏  11 KB                         [K
pulling 69aa441ea44f: 100% ▕██████████████████▏  148 B                         [K
pulling 24a94682582c: 100% ▕██████████████████▏  542 B                         [K
verifying sha256 digest ⠴ [K[?25h[?2026l[?2026h[?25l[A[A[A[A[A[1Gpulling manifest [K
pulling 1194192cf2a1: 100% ▕██████████████████▏  18 GB                         [K
pulling d18a5cc71b84: 100% ▕██████████████████▏  11 KB                         [K
pulling 69aa441ea44f: 100% ▕██████████████████▏  148 B                         [K
pulling 24a94682582c: 100% ▕██████████████████▏  542 B                         [K
verifying sha256 digest ⠦ [K[?25h[?2026l[?2026h[?25l[A[A[A[A[A[1Gpulling manifest [K
pulling 1194192cf2a1: 100% ▕██████████████████▏  18 GB                         [K
pulling d18a5cc71b84: 100% ▕██████████████████▏  11 KB                         [K
pulling 69aa441ea44f: 100% ▕██████████████████▏  148 B                         [K
pulling 24a94682582c: 100% ▕██████████████████▏  542 B                         [K
verifying sha256 digest ⠧ [K[?25h[?2026l[?2026h[?25l[A[A[A[A[A[1Gpulling manifest [K
pulling 1194192cf2a1: 100% ▕██████████████████▏  18 GB                         [K
pulling d18a5cc71b84: 100% ▕██████████████████▏  11 KB                         [K
pulling 69aa441ea44f: 100% ▕██████████████████▏  148 B                         [K
pulling 24a94682582c: 100% ▕██████████████████▏  542 B                         [K
verifying sha256 digest ⠇ [K[?25h[?2026l[?2026h[?25l[A[A[A[A[A[1Gpulling manifest [K
pulling 1194192cf2a1: 100% ▕██████████████████▏  18 GB                         [K
pulling d18a5cc71b84: 100% ▕██████████████████▏  11 KB                         [K
pulling 69aa441ea44f: 100% ▕██████████████████▏  148 B                         [K
pulling 24a94682582c: 100% ▕██████████████████▏  542 B                         [K
verifying sha256 digest ⠏ [K[?25h[?2026l[?2026h[?25l[A[A[A[A[A[1Gpulling manifest [K
pulling 1194192cf2a1: 100% ▕██████████████████▏  18 GB                         [K
pulling d18a5cc71b84: 100% ▕██████████████████▏  11 KB                         [K
pulling 69aa441ea44f: 100% ▕██████████████████▏  148 B                         [K
pulling 24a94682582c: 100% ▕██████████████████▏  542 B                         [K
verifying sha256 digest ⠋ [K[?25h[?2026l[?2026h[?25l[A[A[A[A[A[1Gpulling manifest [K
pulling 1194192cf2a1: 100% ▕██████████████████▏  18 GB                         [K
pulling d18a5cc71b84: 100% ▕██████████████████▏  11 KB                         [K
pulling 69aa441ea44f: 100% ▕██████████████████▏  148 B                         [K
pulling 24a94682582c: 100% ▕██████████████████▏  542 B                         [K
verifying sha256 digest ⠙ [K[?25h[?2026l[?2026h[?25l[A[A[A[A[A[1Gpulling manifest [K
pulling 1194192cf2a1: 100% ▕██████████████████▏  18 GB                         [K
pulling d18a5cc71b84: 100% ▕██████████████████▏  11 KB                         [K
pulling 69aa441ea44f: 100% ▕██████████████████▏  148 B                         [K
pulling 24a94682582c: 100% ▕██████████████████▏  542 B                         [K
verifying sha256 digest ⠹ [K[?25h[?2026l[?2026h[?25l[A[A[A[A[A[1Gpulling manifest [K
pulling 1194192cf2a1: 100% ▕██████████████████▏  18 GB                         [K
pulling d18a5cc71b84: 100% ▕██████████████████▏  11 KB                         [K
pulling 69aa441ea44f: 100% ▕██████████████████▏  148 B                         [K
pulling 24a94682582c: 100% ▕██████████████████▏  542 B                         [K
verifying sha256 digest ⠸ [K[?25h[?2026l[?2026h[?25l[A[A[A[A[A[1Gpulling manifest [K
pulling 1194192cf2a1: 100% ▕██████████████████▏  18 GB                         [K
pulling d18a5cc71b84: 100% ▕██████████████████▏  11 KB                         [K
pulling 69aa441ea44f: 100% ▕██████████████████▏  148 B                         [K
pulling 24a94682582c: 100% ▕██████████████████▏  542 B                         [K
verifying sha256 digest [K
writing manifest [K
success [K[?25h[?2026l
